Archive member included to satisfy reference by file (symbol)

/opt/stm32cubeide/plugins/com.st.stm32cube.ide.mcu.externaltools.gnu-tools-for-stm32.7-2018-q2-update.linux64_1.0.0.201904181610/tools/bin/../lib/gcc/arm-none-eabi/7.3.1/../../../../arm-none-eabi/lib/thumb/v7e-m/fpv4-sp/hard/libc_nano.a(lib_a-errno.o)
                              Core/Src/syscalls.o (__errno)
/opt/stm32cubeide/plugins/com.st.stm32cube.ide.mcu.externaltools.gnu-tools-for-stm32.7-2018-q2-update.linux64_1.0.0.201904181610/tools/bin/../lib/gcc/arm-none-eabi/7.3.1/../../../../arm-none-eabi/lib/thumb/v7e-m/fpv4-sp/hard/libc_nano.a(lib_a-exit.o)
                              /opt/stm32cubeide/plugins/com.st.stm32cube.ide.mcu.externaltools.gnu-tools-for-stm32.7-2018-q2-update.linux64_1.0.0.201904181610/tools/bin/../lib/gcc/arm-none-eabi/7.3.1/../../../../arm-none-eabi/lib/thumb/v7e-m/fpv4-sp/hard/crt0.o (exit)
/opt/stm32cubeide/plugins/com.st.stm32cube.ide.mcu.externaltools.gnu-tools-for-stm32.7-2018-q2-update.linux64_1.0.0.201904181610/tools/bin/../lib/gcc/arm-none-eabi/7.3.1/../../../../arm-none-eabi/lib/thumb/v7e-m/fpv4-sp/hard/libc_nano.a(lib_a-impure.o)
                              /opt/stm32cubeide/plugins/com.st.stm32cube.ide.mcu.externaltools.gnu-tools-for-stm32.7-2018-q2-update.linux64_1.0.0.201904181610/tools/bin/../lib/gcc/arm-none-eabi/7.3.1/../../../../arm-none-eabi/lib/thumb/v7e-m/fpv4-sp/hard/libc_nano.a(lib_a-exit.o) (_global_impure_ptr)
/opt/stm32cubeide/plugins/com.st.stm32cube.ide.mcu.externaltools.gnu-tools-for-stm32.7-2018-q2-update.linux64_1.0.0.201904181610/tools/bin/../lib/gcc/arm-none-eabi/7.3.1/../../../../arm-none-eabi/lib/thumb/v7e-m/fpv4-sp/hard/libc_nano.a(lib_a-init.o)
                              /opt/stm32cubeide/plugins/com.st.stm32cube.ide.mcu.externaltools.gnu-tools-for-stm32.7-2018-q2-update.linux64_1.0.0.201904181610/tools/bin/../lib/gcc/arm-none-eabi/7.3.1/../../../../arm-none-eabi/lib/thumb/v7e-m/fpv4-sp/hard/crt0.o (__libc_init_array)
/opt/stm32cubeide/plugins/com.st.stm32cube.ide.mcu.externaltools.gnu-tools-for-stm32.7-2018-q2-update.linux64_1.0.0.201904181610/tools/bin/../lib/gcc/arm-none-eabi/7.3.1/../../../../arm-none-eabi/lib/thumb/v7e-m/fpv4-sp/hard/libc_nano.a(lib_a-malloc.o)
                              Core/Src/gyro.o (malloc)
/opt/stm32cubeide/plugins/com.st.stm32cube.ide.mcu.externaltools.gnu-tools-for-stm32.7-2018-q2-update.linux64_1.0.0.201904181610/tools/bin/../lib/gcc/arm-none-eabi/7.3.1/../../../../arm-none-eabi/lib/thumb/v7e-m/fpv4-sp/hard/libc_nano.a(lib_a-memcmp.o)
                              Core/Src/gyro.o (memcmp)
/opt/stm32cubeide/plugins/com.st.stm32cube.ide.mcu.externaltools.gnu-tools-for-stm32.7-2018-q2-update.linux64_1.0.0.201904181610/tools/bin/../lib/gcc/arm-none-eabi/7.3.1/../../../../arm-none-eabi/lib/thumb/v7e-m/fpv4-sp/hard/libc_nano.a(lib_a-memcpy-stub.o)
                              Core/Src/stm32f4xx_it.o (memcpy)
/opt/stm32cubeide/plugins/com.st.stm32cube.ide.mcu.externaltools.gnu-tools-for-stm32.7-2018-q2-update.linux64_1.0.0.201904181610/tools/bin/../lib/gcc/arm-none-eabi/7.3.1/../../../../arm-none-eabi/lib/thumb/v7e-m/fpv4-sp/hard/libc_nano.a(lib_a-memset.o)
                              /opt/stm32cubeide/plugins/com.st.stm32cube.ide.mcu.externaltools.gnu-tools-for-stm32.7-2018-q2-update.linux64_1.0.0.201904181610/tools/bin/../lib/gcc/arm-none-eabi/7.3.1/../../../../arm-none-eabi/lib/thumb/v7e-m/fpv4-sp/hard/crt0.o (memset)
/opt/stm32cubeide/plugins/com.st.stm32cube.ide.mcu.externaltools.gnu-tools-for-stm32.7-2018-q2-update.linux64_1.0.0.201904181610/tools/bin/../lib/gcc/arm-none-eabi/7.3.1/../../../../arm-none-eabi/lib/thumb/v7e-m/fpv4-sp/hard/libc_nano.a(lib_a-nano-freer.o)
                              /opt/stm32cubeide/plugins/com.st.stm32cube.ide.mcu.externaltools.gnu-tools-for-stm32.7-2018-q2-update.linux64_1.0.0.201904181610/tools/bin/../lib/gcc/arm-none-eabi/7.3.1/../../../../arm-none-eabi/lib/thumb/v7e-m/fpv4-sp/hard/libc_nano.a(lib_a-malloc.o) (_free_r)
/opt/stm32cubeide/plugins/com.st.stm32cube.ide.mcu.externaltools.gnu-tools-for-stm32.7-2018-q2-update.linux64_1.0.0.201904181610/tools/bin/../lib/gcc/arm-none-eabi/7.3.1/../../../../arm-none-eabi/lib/thumb/v7e-m/fpv4-sp/hard/libc_nano.a(lib_a-nano-mallocr.o)
                              /opt/stm32cubeide/plugins/com.st.stm32cube.ide.mcu.externaltools.gnu-tools-for-stm32.7-2018-q2-update.linux64_1.0.0.201904181610/tools/bin/../lib/gcc/arm-none-eabi/7.3.1/../../../../arm-none-eabi/lib/thumb/v7e-m/fpv4-sp/hard/libc_nano.a(lib_a-malloc.o) (_malloc_r)
/opt/stm32cubeide/plugins/com.st.stm32cube.ide.mcu.externaltools.gnu-tools-for-stm32.7-2018-q2-update.linux64_1.0.0.201904181610/tools/bin/../lib/gcc/arm-none-eabi/7.3.1/../../../../arm-none-eabi/lib/thumb/v7e-m/fpv4-sp/hard/libc_nano.a(lib_a-sbrkr.o)
[...]
Memory Configuration

Name             Origin             Length             Attributes
RAM              0x0000000020000000 0x0000000000010000 xrw
FLASH            0x0000000008000000 0x0000000000040000 xr
*default*        0x0000000000000000 0xffffffffffffffff

Linker script and memory map

LOAD /opt/stm32cubeide/plugins/com.st.stm32cube.ide.mcu.externaltools.gnu-tools-for-stm32.7-2018-q2-update.linux64_1.0.0.201904181610/tools/bin/../lib/gcc/arm-none-eabi/7.3.1/thumb/v7e-m/fpv4-sp/hard/crti.o
LOAD /opt/stm32cubeide/plugins/com.st.stm32cube.ide.mcu.externaltools.gnu-tools-for-stm32.7-2018-q2-update.linux64_1.0.0.201904181610/tools/bin/../lib/gcc/arm-none-eabi/7.3.1/thumb/v7e-m/fpv4-sp/hard/crtbegin.o
LOAD /opt/stm32cubeide/plugins/com.st.stm32cube.ide.mcu.externaltools.gnu-tools-for-stm32.7-2018-q2-update.linux64_1.0.0.201904181610/tools/bin/../lib/gcc/arm-none-eabi/7.3.1/../../../../arm-none-eabi/lib/thumb/v7e-m/fpv4-sp/hard/crt0.o
LOAD Core/Src/SPI-test.o
LOAD Core/Src/adc.o
LOAD Core/Src/gpio.o
LOAD Core/Src/gyro.o
LOAD Core/Src/i2c.o
LOAD Core/Src/main.o
LOAD Core/Src/nrf24.o
LOAD Core/Src/spi.o
LOAD Core/Src/stm32f4xx_hal_msp.o
LOAD Core/Src/stm32f4xx_it.o
LOAD Core/Src/syscalls.o
LOAD Core/Src/sysmem.o
LOAD Core/Src/system_stm32f4xx.o
LOAD Core/Src/tim.o
LOAD Core/Src/usart.o
LOAD Core/Startup/startup_stm32f401ccux.o
LOAD Drivers/STM32F4xx_HAL_Driver/Src/stm32f4xx_hal.o
LOAD Drivers/STM32F4xx_HAL_Driver/Src/stm32f4xx_hal_adc.o
LOAD Drivers/STM32F4xx_HAL_Driver/Src/stm32f4xx_hal_adc_ex.o
LOAD Drivers/STM32F4xx_HAL_Driver/Src/stm32f4xx_hal_cortex.o
LOAD Drivers/STM32F4xx_HAL_Driver/Src/stm32f4xx_hal_dma.o
LOAD Drivers/STM32F4xx_HAL_Driver/Src/stm32f4xx_hal_dma_ex.o
LOAD Drivers/STM32F4xx_HAL_Driver/Src/stm32f4xx_hal_exti.o
LOAD Drivers/STM32F4xx_HAL_Driver/Src/stm32f4xx_hal_flash.o
LOAD Drivers/STM32F4xx_HAL_Driver/Src/stm32f4xx_hal_flash_ex.o
LOAD Drivers/STM32F4xx_HAL_Driver/Src/stm32f4xx_hal_flash_ramfunc.o
LOAD Drivers/STM32F4xx_HAL_Driver/Src/stm32f4xx_hal_gpio.o
LOAD Drivers/STM32F4xx_HAL_Driver/Src/stm32f4xx_hal_i2c.o
LOAD Drivers/STM32F4xx_HAL_Driver/Src/stm32f4xx_hal_i2c_ex.o
LOAD Drivers/STM32F4xx_HAL_Driver/Src/stm32f4xx_hal_pwr.o
LOAD Drivers/STM32F4xx_HAL_Driver/Src/stm32f4xx_hal_pwr_ex.o
LOAD Drivers/STM32F4xx_HAL_Driver/Src/stm32f4xx_hal_rcc.o
LOAD Drivers/STM32F4xx_HAL_Driver/Src/stm32f4xx_hal_rcc_ex.o
LOAD Drivers/STM32F4xx_HAL_Driver/Src/stm32f4xx_hal_spi.o
LOAD Drivers/STM32F4xx_HAL_Driver/Src/stm32f4xx_hal_tim.o
LOAD Drivers/STM32F4xx_HAL_Driver/Src/stm32f4xx_hal_tim_ex.o
LOAD Drivers/STM32F4xx_HAL_Driver/Src/stm32f4xx_hal_uart.o
START GROUP
LOAD /opt/stm32cubeide/plugins/com.st.stm32cube.ide.mcu.externaltools.gnu-tools-for-stm32.7-2018-q2-update.linux64_1.0.0.201904181610/tools/bin/../lib/gcc/arm-none-eabi/7.3.1/../../../../arm-none-eabi/lib/thumb/v7e-m/fpv4-sp/hard/libc_nano.a
LOAD /opt/stm32cubeide/plugins/com.st.stm32cube.ide.mcu.externaltools.gnu-tools-for-stm32.7-2018-q2-update.linux64_1.0.0.201904181610/tools/bin/../lib/gcc/arm-none-eabi/7.3.1/../../../../arm-none-eabi/lib/thumb/v7e-m/fpv4-sp/hard/libm.a
END GROUP
START GROUP
LOAD /opt/stm32cubeide/plugins/com.st.stm32cube.ide.mcu.externaltools.gnu-tools-for-stm32.7-2018-q2-update.linux64_1.0.0.201904181610/tools/bin/../lib/gcc/arm-none-eabi/7.3.1/thumb/v7e-m/fpv4-sp/hard/libgcc.a
LOAD /opt/stm32cubeide/plugins/com.st.stm32cube.ide.mcu.externaltools.gnu-tools-for-stm32.7-2018-q2-update.linux64_1.0.0.201904181610/tools/bin/../lib/gcc/arm-none-eabi/7.3.1/../../../../arm-none-eabi/lib/thumb/v7e-m/fpv4-sp/hard/libc_nano.a
END GROUP
START GROUP
LOAD /opt/stm32cubeide/plugins/com.st.stm32cube.ide.mcu.externaltools.gnu-tools-for-stm32.7-2018-q2-update.linux64_1.0.0.201904181610/tools/bin/../lib/gcc/arm-none-eabi/7.3.1/thumb/v7e-m/fpv4-sp/hard/libgcc.a
LOAD /opt/stm32cubeide/plugins/com.st.stm32cube.ide.mcu.externaltools.gnu-tools-for-stm32.7-2018-q2-update.linux64_1.0.0.201904181610/tools/bin/../lib/gcc/arm-none-eabi/7.3.1/../../../../arm-none-eabi/lib/thumb/v7e-m/fpv4-sp/hard/libc_nano.a
LOAD /opt/stm32cubeide/plugins/com.st.stm32cube.ide.mcu.externaltools.gnu-tools-for-stm32.7-2018-q2-update.linux64_1.0.0.201904181610/tools/bin/../lib/gcc/arm-none-eabi/7.3.1/../../../../arm-none-eabi/lib/thumb/v7e-m/fpv4-sp/hard/libnosys.a
END GROUP
START GROUP
LOAD /opt/stm32cubeide/plugins/com.st.stm32cube.ide.mcu.externaltools.gnu-tools-for-stm32.7-2018-q2-update.linux64_1.0.0.201904181610/tools/bin/../lib/gcc/arm-none-eabi/7.3.1/thumb/v7e-m/fpv4-sp/hard/libgcc.a
LOAD /opt/stm32cubeide/plugins/com.st.stm32cube.ide.mcu.externaltools.gnu-tools-for-stm32.7-2018-q2-update.linux64_1.0.0.201904181610/tools/bin/../lib/gcc/arm-none-eabi/7.3.1/../../../../arm-none-eabi/lib/thumb/v7e-m/fpv4-sp/hard/libc_nano.a
LOAD /opt/stm32cubeide/plugins/com.st.stm32cube.ide.mcu.externaltools.gnu-tools-for-stm32.7-2018-q2-update.linux64_1.0.0.201904181610/tools/bin/../lib/gcc/arm-none-eabi/7.3.1/../../../../arm-none-eabi/lib/thumb/v7e-m/fpv4-sp/hard/libnosys.a
END GROUP
LOAD /opt/stm32cubeide/plugins/com.st.stm32cube.ide.mcu.externaltools.gnu-tools-for-stm32.7-2018-q2-update.linux64_1.0.0.201904181610/tools/bin/../lib/gcc/arm-none-eabi/7.3.1/thumb/v7e-m/fpv4-sp/hard/crtend.o
LOAD /opt/stm32cubeide/plugins/com.st.stm32cube.ide.mcu.externaltools.gnu-tools-for-stm32.7-2018-q2-update.linux64_1.0.0.201904181610/tools/bin/../lib/gcc/arm-none-eabi/7.3.1/thumb/v7e-m/fpv4-sp/hard/crtn.o
                0x0000000020010000                _estack = (ORIGIN (RAM) + LENGTH (RAM))
                0x0000000000000200                _Min_Heap_Size = 0x200
                0x0000000000000400                _Min_Stack_Size = 0x400

.isr_vector     0x0000000008000000      0x194
                0x0000000008000000                . = ALIGN (0x4)
 *(.isr_vector)
 .isr_vector    0x0000000008000000      0x194 Core/Startup/startup_stm32f401ccux.o
                0x0000000008000000                g_pfnVectors
                0x0000000008000194                . = ALIGN (0x4)

.text           0x00000000080001a0     0x5d98
                0x00000000080001a0                . = ALIGN (0x4)
 *(.text)
 .text          0x00000000080001a0       0x40 /opt/stm32cubeide/plugins/com.st.stm32cube.ide.mcu.externaltools.gnu-tools-for-stm32.7-2018-q2-update.linux64_1.0.0.201904181610/tools/bin/../lib/gcc/arm-none-eabi/7.3.1/thumb/v7e-m/fpv4-sp/hard/crtbegin.o
 .text          0x00000000080001e0       0xa0 /opt/stm32cubeide/plugins/com.st.stm32cube.ide.mcu.externaltools.gnu-tools-for-stm32.7-2018-q2-update.linux64_1.0.0.201904181610/tools/bin/../lib/gcc/arm-none-eabi/7.3.1/../../../../arm-none-eabi/lib/thumb/v7e-m/fpv4-sp/hard/libc_nano.a(lib_a-memchr.o)
                0x00000000080001e0                memchr
 .text          0x0000000008000280       0x30 /opt/stm32cubeide/plugins/com.st.stm32cube.ide.mcu.externaltools.gnu-tools-for-stm32.7-2018-q2-update.linux64_1.0.0.201904181610/tools/bin/../lib/gcc/arm-none-eabi/7.3.1/thumb/v7e-m/fpv4-sp/hard/libgcc.a(_aeabi_uldivmod.o)
                0x0000000008000280                __aeabi_uldivmod
 .text          0x00000000080002b0      0x2cc /opt/stm32cubeide/plugins/com.st.stm32cube.ide.mcu.externaltools.gnu-tools-for-stm32.7-2018-q2-update.linux64_1.0.0.201904181610/tools/bin/../lib/gcc/arm-none-eabi/7.3.1/thumb/v7e-m/fpv4-sp/hard/libgcc.a(_udivmoddi4.o)
                0x00000000080002b0                __udivmoddi4
 .text          0x000000000800057c        0x4 /opt/stm32cubeide/plugins/com.st.stm32cube.ide.mcu.externaltools.gnu-tools-for-stm32.7-2018-q2-update.linux64_1.0.0.201904181610/tools/bin/../lib/gcc/arm-none-eabi/7.3.1/thumb/v7e-m/fpv4-sp/hard/libgcc.a(_dvmd_tls.o)
                0x000000000800057c                __aeabi_ldiv0
                0x000000000800057c                __aeabi_idiv0
 *(.text*)
 .text.SPI_I2S_SendData
                0x0000000008000580       0x1e Core/Src/SPI-test.o
                0x0000000008000580                SPI_I2S_SendData
 .text.SPI_I2S_ReceiveData
                0x000000000800059e       0x1a Core/Src/SPI-test.o
                0x000000000800059e                SPI_I2S_ReceiveData
 .text.SPI_I2S_GetFlagStatus
                0x00000000080005b8       0x34 Core/Src/SPI-test.o
                0x00000000080005b8                SPI_I2S_GetFlagStatus
 .text.MX_ADC1_Init
                0x00000000080005ec       0xa4 Core/Src/adc.o
                0x00000000080005ec                MX_ADC1_Init
 .text.HAL_ADC_MspInit
                0x0000000008000690       0x88 Core/Src/adc.o
                0x0000000008000690                HAL_ADC_MspInit
 .text.MX_GPIO_Init
                0x0000000008000718      0x138 Core/Src/gpio.o
                0x0000000008000718                MX_GPIO_Init
 .text.MX_I2C1_Init
                0x0000000008000850       0x5c Core/Src/i2c.o
                0x0000000008000850                MX_I2C1_Init
 .text.HAL_I2C_MspInit
                0x00000000080008ac       0x90 Core/Src/i2c.o
                0x00000000080008ac                HAL_I2C_MspInit
 .text.main     0x000000000800093c      0x1cc Core/Src/main.o
                0x000000000800093c                main
 .text.SystemClock_Config
                0x0000000008000b08       0xd4 Core/Src/main.o
                0x0000000008000b08                SystemClock_Config
 .text.WriteString
                0x0000000008000bdc       0x36 Core/Src/main.o
                0x0000000008000bdc                WriteString
 *fill*         0x0000000008000c12        0x2 
 .text.PrintCharUart
                0x0000000008000c14       0x30 Core/Src/main.o
                0x0000000008000c14                PrintCharUart
 .text.Error_Handler
                0x0000000008000c44        0xe Core/Src/main.o
                0x0000000008000c44                Error_Handler
 *fill*         0x0000000008000c52        0x2 
 .text.nRF24_TransmitPacket
                0x0000000008000c54       0xa0 Core/Src/nrf24.o
                0x0000000008000c54                nRF24_TransmitPacket
 .text.nRF24_LL_RW
                0x0000000008000cf4       0x4c Core/Src/nrf24.o
                0x0000000008000cf4                nRF24_LL_RW
 .text.nRF24_ReadReg
                0x0000000008000d40       0x48 Core/Src/nrf24.o
 .text.nRF24_WriteReg
                0x0000000008000d88       0x84 Core/Src/nrf24.o
 .text.nRF24_ReadMBReg
                0x0000000008000e0c       0x58 Core/Src/nrf24.o
 .text.nRF24_WriteMBReg
                0x0000000008000e64       0x58 Core/Src/nrf24.o
 .text.nRF24_Init
                0x0000000008000ebc       0xa4 Core/Src/nrf24.o
                0x0000000008000ebc                nRF24_Init
 .text.nRF24_Check
                0x0000000008000f60       0x5c Core/Src/nrf24.o
                0x0000000008000f60                nRF24_Check
 .text.nRF24_SetPowerMode
                0x0000000008000fbc       0x3e Core/Src/nrf24.o
                0x0000000008000fbc                nRF24_SetPowerMode
 .text.nRF24_SetOperationalMode
                0x0000000008000ffa       0x42 Core/Src/nrf24.o
                0x0000000008000ffa                nRF24_SetOperationalMode
 .text.nRF24_SetCRCScheme
                0x000000000800103c       0x42 Core/Src/nrf24.o
                0x000000000800103c                nRF24_SetCRCScheme
 .text.nRF24_SetRFChannel
                0x000000000800107e       0x1c Core/Src/nrf24.o
                0x000000000800107e                nRF24_SetRFChannel
 .text.nRF24_SetAddrWidth
                0x000000000800109a       0x20 Core/Src/nrf24.o
                0x000000000800109a                nRF24_SetAddrWidth
 *fill*         0x00000000080010ba        0x2 
 .text.nRF24_SetAddr
                0x00000000080010bc       0xb4 Core/Src/nrf24.o
                0x00000000080010bc                nRF24_SetAddr
 .text.nRF24_SetTXPower
                0x0000000008001170       0x36 Core/Src/nrf24.o
                0x0000000008001170                nRF24_SetTXPower
 .text.nRF24_SetDataRate
                0x00000000080011a6       0x36 Core/Src/nrf24.o
                0x00000000080011a6                nRF24_SetDataRate
 .text.nRF24_SetRXPipe
                0x00000000080011dc       0xa8 Core/Src/nrf24.o
                0x00000000080011dc                nRF24_SetRXPipe
 .text.nRF24_DisableAA
                0x0000000008001284       0x4e Core/Src/nrf24.o
                0x0000000008001284                nRF24_DisableAA
 .text.nRF24_GetStatus
                0x00000000080012d2       0x10 Core/Src/nrf24.o
                0x00000000080012d2                nRF24_GetStatus
 .text.nRF24_GetStatus_RXFIFO
                0x00000000080012e2       0x16 Core/Src/nrf24.o
                0x00000000080012e2                nRF24_GetStatus_RXFIFO
 .text.nRF24_FlushTX
                0x00000000080012f8       0x10 Core/Src/nrf24.o
                0x00000000080012f8                nRF24_FlushTX
 .text.nRF24_FlushRX
                0x0000000008001308       0x10 Core/Src/nrf24.o
                0x0000000008001308                nRF24_FlushRX
 .text.nRF24_ClearIRQFlags
                0x0000000008001318       0x2a Core/Src/nrf24.o
                0x0000000008001318                nRF24_ClearIRQFlags
 .text.nRF24_WritePayload
                0x0000000008001342       0x20 Core/Src/nrf24.o
                0x0000000008001342                nRF24_WritePayload
 *fill*         0x0000000008001362        0x2 
 .text.nRF24_ReadPayload
                0x0000000008001364       0x64 Core/Src/nrf24.o
                0x0000000008001364                nRF24_ReadPayload
 .text.MX_SPI1_Init
                0x00000000080013c8       0x6c Core/Src/spi.o
                0x00000000080013c8                MX_SPI1_Init
 .text.MX_SPI2_Init
                0x0000000008001434       0x6c Core/Src/spi.o
                0x0000000008001434                MX_SPI2_Init
 .text.MX_SPI3_Init
                0x00000000080014a0       0x6c Core/Src/spi.o
                0x00000000080014a0                MX_SPI3_Init
 .text.HAL_SPI_MspInit
                0x000000000800150c      0x164 Core/Src/spi.o
                0x000000000800150c                HAL_SPI_MspInit
 .text.HAL_MspInit
                0x0000000008001670       0x50 Core/Src/stm32f4xx_hal_msp.o
                0x0000000008001670                HAL_MspInit
 .text.NMI_Handler
                0x00000000080016c0        0xe Core/Src/stm32f4xx_it.o
                0x00000000080016c0                NMI_Handler
 .text.HardFault_Handler
                0x00000000080016ce        0x6 Core/Src/stm32f4xx_it.o
                0x00000000080016ce                HardFault_Handler
 .text.MemManage_Handler
                0x00000000080016d4        0x6 Core/Src/stm32f4xx_it.o
                0x00000000080016d4                MemManage_Handler
 .text.BusFault_Handler
                0x00000000080016da        0x6 Core/Src/stm32f4xx_it.o
                0x00000000080016da                BusFault_Handler
 .text.UsageFault_Handler
                0x00000000080016e0        0x6 Core/Src/stm32f4xx_it.o
                0x00000000080016e0                UsageFault_Handler
 .text.SVC_Handler
                0x00000000080016e6        0xe Core/Src/stm32f4xx_it.o
                0x00000000080016e6                SVC_Handler
 .text.DebugMon_Handler
                0x00000000080016f4        0xe Core/Src/stm32f4xx_it.o
                0x00000000080016f4                DebugMon_Handler
 .text.PendSV_Handler
                0x0000000008001702        0xe Core/Src/stm32f4xx_it.o
                0x0000000008001702                PendSV_Handler
 .text.SysTick_Handler
                0x0000000008001710        0xc Core/Src/stm32f4xx_it.o
                0x0000000008001710                SysTick_Handler
 .text.TIM2_IRQHandler
                0x000000000800171c      0xb78 Core/Src/stm32f4xx_it.o
                0x000000000800171c                TIM2_IRQHandler
 .text._sbrk    0x0000000008002294       0x58 Core/Src/sysmem.o
                0x0000000008002294                _sbrk
 .text.SystemInit
                0x00000000080022ec       0x2c Core/Src/system_stm32f4xx.o
                0x00000000080022ec                SystemInit
 .text.MX_TIM1_Init
                0x0000000008002318      0x18c Core/Src/tim.o
                0x0000000008002318                MX_TIM1_Init
 .text.MX_TIM2_Init
                0x00000000080024a4       0x98 Core/Src/tim.o
                0x00000000080024a4                MX_TIM2_Init
 .text.HAL_TIM_Base_MspInit
                0x000000000800253c       0x78 Core/Src/tim.o
                0x000000000800253c                HAL_TIM_Base_MspInit
 .text.HAL_TIM_MspPostInit
                0x00000000080025b4       0x74 Core/Src/tim.o
                0x00000000080025b4                HAL_TIM_MspPostInit
 .text.MX_USART1_UART_Init
                0x0000000008002628       0x54 Core/Src/usart.o
                0x0000000008002628                MX_USART1_UART_Init
 .text.HAL_UART_MspInit
                0x000000000800267c       0x90 Core/Src/usart.o
                0x000000000800267c                HAL_UART_MspInit
 .text.Reset_Handler
                0x000000000800270c       0x50 Core/Startup/startup_stm32f401ccux.o
                0x000000000800270c                Reset_Handler
 .text.Default_Handler
                0x000000000800275c        0x2 Core/Startup/startup_stm32f401ccux.o
                0x000000000800275c                RTC_Alarm_IRQHandler
                0x000000000800275c                EXTI2_IRQHandler
                0x000000000800275c                SPI4_IRQHandler
                0x000000000800275c                TIM1_CC_IRQHandler
                0x000000000800275c                DMA2_Stream5_IRQHandler
                0x000000000800275c                DMA1_Stream5_IRQHandler
                0x000000000800275c                PVD_IRQHandler
                0x000000000800275c                SDIO_IRQHandler
                0x000000000800275c                TAMP_STAMP_IRQHandler
                0x000000000800275c                EXTI3_IRQHandler
                0x000000000800275c                TIM1_UP_TIM10_IRQHandler
                0x000000000800275c                I2C3_ER_IRQHandler
                0x000000000800275c                EXTI0_IRQHandler
                0x000000000800275c                I2C2_EV_IRQHandler
                0x000000000800275c                DMA1_Stream2_IRQHandler
                0x000000000800275c                FPU_IRQHandler
                0x000000000800275c                DMA2_Stream2_IRQHandler
                0x000000000800275c                SPI1_IRQHandler
                0x000000000800275c                TIM1_BRK_TIM9_IRQHandler
                0x000000000800275c                DMA2_Stream3_IRQHandler
                0x000000000800275c                USART6_IRQHandler
                0x000000000800275c                DMA2_Stream0_IRQHandler
                0x000000000800275c                TIM4_IRQHandler
                0x000000000800275c                I2C1_EV_IRQHandler
                0x000000000800275c                DMA1_Stream6_IRQHandler
                0x000000000800275c                DMA1_Stream1_IRQHandler
                0x000000000800275c                TIM3_IRQHandler
                0x000000000800275c                RCC_IRQHandler
                0x000000000800275c                Default_Handler
                0x000000000800275c                EXTI15_10_IRQHandler
                0x000000000800275c                ADC_IRQHandler
                0x000000000800275c                DMA1_Stream7_IRQHandler
                0x000000000800275c                TIM5_IRQHandler
                0x000000000800275c                DMA2_Stream7_IRQHandler
                0x000000000800275c                I2C3_EV_IRQHandler
                0x000000000800275c                EXTI9_5_IRQHandler
                0x000000000800275c                RTC_WKUP_IRQHandler
                0x000000000800275c                SPI2_IRQHandler
                0x000000000800275c                DMA1_Stream0_IRQHandler
                0x000000000800275c                EXTI4_IRQHandler
                0x000000000800275c                WWDG_IRQHandler
                0x000000000800275c                OTG_FS_WKUP_IRQHandler
                0x000000000800275c                TIM1_TRG_COM_TIM11_IRQHandler
                0x000000000800275c                EXTI1_IRQHandler
                0x000000000800275c                USART2_IRQHandler
                0x000000000800275c                I2C2_ER_IRQHandler
                0x000000000800275c                DMA2_Stream1_IRQHandler
                0x000000000800275c                FLASH_IRQHandler
                0x000000000800275c                DMA2_Stream4_IRQHandler
                0x000000000800275c                USART1_IRQHandler
                0x000000000800275c                OTG_FS_IRQHandler
                0x000000000800275c                SPI3_IRQHandler
                0x000000000800275c                DMA1_Stream4_IRQHandler
                0x000000000800275c                I2C1_ER_IRQHandler
                0x000000000800275c                DMA2_Stream6_IRQHandler
                0x000000000800275c                DMA1_Stream3_IRQHandler
 *fill*         0x000000000800275e        0x2 
 .text.HAL_Init
                0x0000000008002760       0x44 Drivers/STM32F4xx_HAL_Driver/Src/stm32f4xx_hal.o
                0x0000000008002760                HAL_Init
 .text.HAL_InitTick
                0x00000000080027a4       0x60 Drivers/STM32F4xx_HAL_Driver/Src/stm32f4xx_hal.o
                0x00000000080027a4                HAL_InitTick
 .text.HAL_IncTick
                0x0000000008002804       0x28 Drivers/STM32F4xx_HAL_Driver/Src/stm32f4xx_hal.o
                0x0000000008002804                HAL_IncTick
 .text.HAL_GetTick
                0x000000000800282c       0x18 Drivers/STM32F4xx_HAL_Driver/Src/stm32f4xx_hal.o
                0x000000000800282c                HAL_GetTick
 .text.HAL_Delay
                0x0000000008002844       0x44 Drivers/STM32F4xx_HAL_Driver/Src/stm32f4xx_hal.o
                0x0000000008002844                HAL_Delay
 .text.HAL_ADC_Init
                0x0000000008002888       0x86 Drivers/STM32F4xx_HAL_Driver/Src/stm32f4xx_hal_adc.o
                0x0000000008002888                HAL_ADC_Init
 *fill*         0x000000000800290e        0x2 
 .text.HAL_ADC_Start
                0x0000000008002910      0x14c Drivers/STM32F4xx_HAL_Driver/Src/stm32f4xx_hal_adc.o
                0x0000000008002910                HAL_ADC_Start
 .text.HAL_ADC_PollForConversion
                0x0000000008002a5c      0x108 Drivers/STM32F4xx_HAL_Driver/Src/stm32f4xx_hal_adc.o
                0x0000000008002a5c                HAL_ADC_PollForConversion
 .text.HAL_ADC_GetValue
                0x0000000008002b64       0x1a Drivers/STM32F4xx_HAL_Driver/Src/stm32f4xx_hal_adc.o
                0x0000000008002b64                HAL_ADC_GetValue
 *fill*         0x0000000008002b7e        0x2 
 .text.HAL_ADC_ConfigChannel
                0x0000000008002b80      0x244 Drivers/STM32F4xx_HAL_Driver/Src/stm32f4xx_hal_adc.o
                0x0000000008002b80                HAL_ADC_ConfigChannel
 .text.ADC_Init
                0x0000000008002dc4      0x1f8 Drivers/STM32F4xx_HAL_Driver/Src/stm32f4xx_hal_adc.o
 .text.__NVIC_SetPriorityGrouping
                0x0000000008002fbc       0x48 Drivers/STM32F4xx_HAL_Driver/Src/stm32f4xx_hal_cortex.o
 .text.__NVIC_GetPriorityGrouping
                0x0000000008003004       0x1c Drivers/STM32F4xx_HAL_Driver/Src/stm32f4xx_hal_cortex.o
 .text.__NVIC_EnableIRQ
                0x0000000008003020       0x3c Drivers/STM32F4xx_HAL_Driver/Src/stm32f4xx_hal_cortex.o
 .text.__NVIC_SetPriority
                0x000000000800305c       0x54 Drivers/STM32F4xx_HAL_Driver/Src/stm32f4xx_hal_cortex.o
 .text.NVIC_EncodePriority
                0x00000000080030b0       0x66 Drivers/STM32F4xx_HAL_Driver/Src/stm32f4xx_hal_cortex.o
 *fill*         0x0000000008003116        0x2 
 .text.SysTick_Config
                0x0000000008003118       0x44 Drivers/STM32F4xx_HAL_Driver/Src/stm32f4xx_hal_cortex.o
 .text.HAL_NVIC_SetPriorityGrouping
                0x000000000800315c       0x16 Drivers/STM32F4xx_HAL_Driver/Src/stm32f4xx_hal_cortex.o
                0x000000000800315c                HAL_NVIC_SetPriorityGrouping
 .text.HAL_NVIC_SetPriority
                0x0000000008003172       0x38 Drivers/STM32F4xx_HAL_Driver/Src/stm32f4xx_hal_cortex.o
                0x0000000008003172                HAL_NVIC_SetPriority
 .text.HAL_NVIC_EnableIRQ
                0x00000000080031aa       0x1c Drivers/STM32F4xx_HAL_Driver/Src/stm32f4xx_hal_cortex.o
                0x00000000080031aa                HAL_NVIC_EnableIRQ
 .text.HAL_SYSTICK_Config
                0x00000000080031c6       0x18 Drivers/STM32F4xx_HAL_Driver/Src/stm32f4xx_hal_cortex.o
                0x00000000080031c6                HAL_SYSTICK_Config
 *fill*         0x00000000080031de        0x2 
 .text.HAL_GPIO_Init
                0x00000000080031e0      0x304 Drivers/STM32F4xx_HAL_Driver/Src/stm32f4xx_hal_gpio.o
                0x00000000080031e0                HAL_GPIO_Init
 .text.HAL_GPIO_WritePin
                0x00000000080034e4       0x32 Drivers/STM32F4xx_HAL_Driver/Src/stm32f4xx_hal_gpio.o
                0x00000000080034e4                HAL_GPIO_WritePin
 .text.HAL_GPIO_TogglePin
                0x0000000008003516       0x36 Drivers/STM32F4xx_HAL_Driver/Src/stm32f4xx_hal_gpio.o
                0x0000000008003516                HAL_GPIO_TogglePin
 .text.HAL_I2C_Init
                0x000000000800354c      0x270 Drivers/STM32F4xx_HAL_Driver/Src/stm32f4xx_hal_i2c.o
                0x000000000800354c                HAL_I2C_Init
 .text.HAL_RCC_OscConfig
                0x00000000080037bc      0x4e0 Drivers/STM32F4xx_HAL_Driver/Src/stm32f4xx_hal_rcc.o
                0x00000000080037bc                HAL_RCC_OscConfig
 .text.HAL_RCC_ClockConfig
                0x0000000008003c9c      0x1cc Drivers/STM32F4xx_HAL_Driver/Src/stm32f4xx_hal_rcc.o
                0x0000000008003c9c                HAL_RCC_ClockConfig
 .text.HAL_RCC_GetSysClockFreq
                0x0000000008003e68      0x164 Drivers/STM32F4xx_HAL_Driver/Src/stm32f4xx_hal_rcc.o
                0x0000000008003e68                HAL_RCC_GetSysClockFreq
 .text.HAL_RCC_GetHCLKFreq
                0x0000000008003fcc       0x18 Drivers/STM32F4xx_HAL_Driver/Src/stm32f4xx_hal_rcc.o
                0x0000000008003fcc                HAL_RCC_GetHCLKFreq
 .text.HAL_RCC_GetPCLK1Freq
                0x0000000008003fe4       0x28 Drivers/STM32F4xx_HAL_Driver/Src/stm32f4xx_hal_rcc.o
                0x0000000008003fe4                HAL_RCC_GetPCLK1Freq
 .text.HAL_RCC_GetPCLK2Freq
                0x000000000800400c       0x28 Drivers/STM32F4xx_HAL_Driver/Src/stm32f4xx_hal_rcc.o
                0x000000000800400c                HAL_RCC_GetPCLK2Freq
 .text.HAL_SPI_Init
                0x0000000008004034       0xc8 Drivers/STM32F4xx_HAL_Driver/Src/stm32f4xx_hal_spi.o
                0x0000000008004034                HAL_SPI_Init
 .text.HAL_TIM_Base_Init
                0x00000000080040fc       0x56 Drivers/STM32F4xx_HAL_Driver/Src/stm32f4xx_hal_tim.o
                0x00000000080040fc                HAL_TIM_Base_Init
 .text.HAL_TIM_Base_Start_IT
                0x0000000008004152       0x48 Drivers/STM32F4xx_HAL_Driver/Src/stm32f4xx_hal_tim.o
                0x0000000008004152                HAL_TIM_Base_Start_IT
 .text.HAL_TIM_PWM_Init
                0x000000000800419a       0x56 Drivers/STM32F4xx_HAL_Driver/Src/stm32f4xx_hal_tim.o
                0x000000000800419a                HAL_TIM_PWM_Init
 .text.HAL_TIM_PWM_MspInit
                0x00000000080041f0       0x14 Drivers/STM32F4xx_HAL_Driver/Src/stm32f4xx_hal_tim.o
                0x00000000080041f0                HAL_TIM_PWM_MspInit
 .text.HAL_TIM_PWM_Start
                0x0000000008004204       0x64 Drivers/STM32F4xx_HAL_Driver/Src/stm32f4xx_hal_tim.o
                0x0000000008004204                HAL_TIM_PWM_Start
 .text.HAL_TIM_IRQHandler
                0x0000000008004268      0x210 Drivers/STM32F4xx_HAL_Driver/Src/stm32f4xx_hal_tim.o
                0x0000000008004268                HAL_TIM_IRQHandler
 .text.HAL_TIM_PWM_ConfigChannel
                0x0000000008004478      0x18c Drivers/STM32F4xx_HAL_Driver/Src/stm32f4xx_hal_tim.o
                0x0000000008004478                HAL_TIM_PWM_ConfigChannel
 .text.HAL_TIM_ConfigClockSource
                0x0000000008004604      0x16e Drivers/STM32F4xx_HAL_Driver/Src/stm32f4xx_hal_tim.o
                0x0000000008004604                HAL_TIM_ConfigClockSource
 .text.HAL_TIM_PeriodElapsedCallback
                0x0000000008004772       0x14 Drivers/STM32F4xx_HAL_Driver/Src/stm32f4xx_hal_tim.o
                0x0000000008004772                HAL_TIM_PeriodElapsedCallback
 .text.HAL_TIM_OC_DelayElapsedCallback
                0x0000000008004786       0x14 Drivers/STM32F4xx_HAL_Driver/Src/stm32f4xx_hal_tim.o
                0x0000000008004786                HAL_TIM_OC_DelayElapsedCallback
 .text.HAL_TIM_IC_CaptureCallback
                0x000000000800479a       0x14 Drivers/STM32F4xx_HAL_Driver/Src/stm32f4xx_hal_tim.o
                0x000000000800479a                HAL_TIM_IC_CaptureCallback
 .text.HAL_TIM_PWM_PulseFinishedCallback
                0x00000000080047ae       0x14 Drivers/STM32F4xx_HAL_Driver/Src/stm32f4xx_hal_tim.o
                0x00000000080047ae                HAL_TIM_PWM_PulseFinishedCallback
 .text.HAL_TIM_TriggerCallback
                0x00000000080047c2       0x14 Drivers/STM32F4xx_HAL_Driver/Src/stm32f4xx_hal_tim.o
                0x00000000080047c2                HAL_TIM_TriggerCallback
 *fill*         0x00000000080047d6        0x2 
 .text.TIM_Base_SetConfig
                0x00000000080047d8      0x100 Drivers/STM32F4xx_HAL_Driver/Src/stm32f4xx_hal_tim.o
                0x00000000080047d8                TIM_Base_SetConfig
 .text.TIM_OC1_SetConfig
                0x00000000080048d8       0xcc Drivers/STM32F4xx_HAL_Driver/Src/stm32f4xx_hal_tim.o
 .text.TIM_OC2_SetConfig
                0x00000000080049a4       0xd8 Drivers/STM32F4xx_HAL_Driver/Src/stm32f4xx_hal_tim.o
                0x00000000080049a4                TIM_OC2_SetConfig
 .text.TIM_OC3_SetConfig
                0x0000000008004a7c       0xd4 Drivers/STM32F4xx_HAL_Driver/Src/stm32f4xx_hal_tim.o
 .text.TIM_OC4_SetConfig
                0x0000000008004b50       0xa0 Drivers/STM32F4xx_HAL_Driver/Src/stm32f4xx_hal_tim.o
 .text.TIM_TI1_ConfigInputStage
                0x0000000008004bf0       0x5e Drivers/STM32F4xx_HAL_Driver/Src/stm32f4xx_hal_tim.o
 .text.TIM_TI2_ConfigInputStage
                0x0000000008004c4e       0x60 Drivers/STM32F4xx_HAL_Driver/Src/stm32f4xx_hal_tim.o
 .text.TIM_ITRx_SetConfig
                0x0000000008004cae       0x36 Drivers/STM32F4xx_HAL_Driver/Src/stm32f4xx_hal_tim.o
 .text.TIM_ETR_SetConfig
                0x0000000008004ce4       0x40 Drivers/STM32F4xx_HAL_Driver/Src/stm32f4xx_hal_tim.o
                0x0000000008004ce4                TIM_ETR_SetConfig
 .text.TIM_CCxChannelCmd
                0x0000000008004d24       0x4a Drivers/STM32F4xx_HAL_Driver/Src/stm32f4xx_hal_tim.o
                0x0000000008004d24                TIM_CCxChannelCmd
 *fill*         0x0000000008004d6e        0x2 
 .text.HAL_TIMEx_MasterConfigSynchronization
                0x0000000008004d70       0xdc Drivers/STM32F4xx_HAL_Driver/Src/stm32f4xx_hal_tim_ex.o
                0x0000000008004d70                HAL_TIMEx_MasterConfigSynchronization
 .text.HAL_TIMEx_ConfigBreakDeadTime
                0x0000000008004e4c       0xa4 Drivers/STM32F4xx_HAL_Driver/Src/stm32f4xx_hal_tim_ex.o
                0x0000000008004e4c                HAL_TIMEx_ConfigBreakDeadTime
 .text.HAL_TIMEx_CommutCallback
                0x0000000008004ef0       0x14 Drivers/STM32F4xx_HAL_Driver/Src/stm32f4xx_hal_tim_ex.o
                0x0000000008004ef0                HAL_TIMEx_CommutCallback
 .text.HAL_TIMEx_BreakCallback
                0x0000000008004f04       0x14 Drivers/STM32F4xx_HAL_Driver/Src/stm32f4xx_hal_tim_ex.o
                0x0000000008004f04                HAL_TIMEx_BreakCallback
 .text.HAL_UART_Init
                0x0000000008004f18       0x9a Drivers/STM32F4xx_HAL_Driver/Src/stm32f4xx_hal_uart.o
                0x0000000008004f18                HAL_UART_Init
 *fill*         0x0000000008004fb2        0x2 
 .text.UART_SetConfig
                0x0000000008004fb4      0x6f8 Drivers/STM32F4xx_HAL_Driver/Src/stm32f4xx_hal_uart.o
 .text.__errno  0x00000000080056ac        0xc /opt/stm32cubeide/plugins/com.st.stm32cube.ide.mcu.externaltools.gnu-tools-for-stm32.7-2018-q2-update.linux64_1.0.0.201904181610/tools/bin/../lib/gcc/arm-none-eabi/7.3.1/../../../../arm-none-eabi/lib/thumb/v7e-m/fpv4-sp/hard/libc_nano.a(lib_a-errno.o)
                0x00000000080056ac                __errno
 .text.__libc_init_array
                0x00000000080056b8       0x48 /opt/stm32cubeide/plugins/com.st.stm32cube.ide.mcu.externaltools.gnu-tools-for-stm32.7-2018-q2-update.linux64_1.0.0.201904181610/tools/bin/../lib/gcc/arm-none-eabi/7.3.1/../../../../arm-none-eabi/lib/thumb/v7e-m/fpv4-sp/hard/libc_nano.a(lib_a-init.o)
                0x00000000080056b8                __libc_init_array
 .text.memcpy   0x0000000008005700       0x16 /opt/stm32cubeide/plugins/com.st.stm32cube.ide.mcu.externaltools.gnu-tools-for-stm32.7-2018-q2-update.linux64_1.0.0.201904181610/tools/bin/../lib/gcc/arm-none-eabi/7.3.1/../../../../arm-none-eabi/lib/thumb/v7e-m/fpv4-sp/hard/libc_nano.a(lib_a-memcpy-stub.o)
                0x0000000008005700                memcpy
 .text.memset   0x0000000008005716       0x10 /opt/stm32cubeide/plugins/com.st.stm32cube.ide.mcu.externaltools.gnu-tools-for-stm32.7-2018-q2-update.linux64_1.0.0.201904181610/tools/bin/../lib/gcc/arm-none-eabi/7.3.1/../../../../arm-none-eabi/lib/thumb/v7e-m/fpv4-sp/hard/libc_nano.a(lib_a-memset.o)
                0x0000000008005716                memset
 *fill*         0x0000000008005726        0x2 
 .text._free_r  0x0000000008005728       0x9c /opt/stm32cubeide/plugins/com.st.stm32cube.ide.mcu.externaltools.gnu-tools-for-stm32.7-2018-q2-update.linux64_1.0.0.201904181610/tools/bin/../lib/gcc/arm-none-eabi/7.3.1/../../../../arm-none-eabi/lib/thumb/v7e-m/fpv4-sp/hard/libc_nano.a(lib_a-nano-freer.o)
                0x0000000008005728                _free_r
 .text._malloc_r
                0x00000000080057c4       0xb4 /opt/stm32cubeide/plugins/com.st.stm32cube.ide.mcu.externaltools.gnu-tools-for-stm32.7-2018-q2-update.linux64_1.0.0.201904181610/tools/bin/../lib/gcc/arm-none-eabi/7.3.1/../../../../arm-none-eabi/lib/thumb/v7e-m/fpv4-sp/hard/libc_nano.a(lib_a-nano-mallocr.o)
                0x00000000080057c4                _malloc_r
 .text._sbrk_r  0x0000000008005878       0x20 /opt/stm32cubeide/plugins/com.st.stm32cube.ide.mcu.externaltools.gnu-tools-for-stm32.7-2018-q2-update.linux64_1.0.0.201904181610/tools/bin/../lib/gcc/arm-none-eabi/7.3.1/../../../../arm-none-eabi/lib/thumb/v7e-m/fpv4-sp/hard/libc_nano.a(lib_a-sbrkr.o)
                0x0000000008005878                _sbrk_r
 .text.sprintf  0x0000000008005898       0x40 /opt/stm32cubeide/plugins/com.st.stm32cube.ide.mcu.externaltools.gnu-tools-for-stm32.7-2018-q2-update.linux64_1.0.0.201904181610/tools/bin/../lib/gcc/arm-none-eabi/7.3.1/../../../../arm-none-eabi/lib/thumb/v7e-m/fpv4-sp/hard/libc_nano.a(lib_a-sprintf.o)
                0x0000000008005898                sprintf
                0x0000000008005898                siprintf
 .text.__malloc_lock
                0x00000000080058d8        0x2 /opt/stm32cubeide/plugins/com.st.stm32cube.ide.mcu.externaltools.gnu-tools-for-stm32.7-2018-q2-update.linux64_1.0.0.201904181610/tools/bin/../lib/gcc/arm-none-eabi/7.3.1/../../../../arm-none-eabi/lib/thumb/v7e-m/fpv4-sp/hard/libc_nano.a(lib_a-mlock.o)
                0x00000000080058d8                __malloc_lock
 .text.__malloc_unlock
                0x00000000080058da        0x2 /opt/stm32cubeide/plugins/com.st.stm32cube.ide.mcu.externaltools.gnu-tools-for-stm32.7-2018-q2-update.linux64_1.0.0.201904181610/tools/bin/../lib/gcc/arm-none-eabi/7.3.1/../../../../arm-none-eabi/lib/thumb/v7e-m/fpv4-sp/hard/libc_nano.a(lib_a-mlock.o)
                0x00000000080058da                __malloc_unlock
 .text.__ssputs_r
                0x00000000080058dc       0xb4 /opt/stm32cubeide/plugins/com.st.stm32cube.ide.mcu.externaltools.gnu-tools-for-stm32.7-2018-q2-update.linux64_1.0.0.201904181610/tools/bin/../lib/gcc/arm-none-eabi/7.3.1/../../../../arm-none-eabi/lib/thumb/v7e-m/fpv4-sp/hard/libc_nano.a(lib_a-nano-svfprintf.o)
                0x00000000080058dc                __ssputs_r
 .text._svfprintf_r
                0x0000000008005990      0x1f0 /opt/stm32cubeide/plugins/com.st.stm32cube.ide.mcu.externaltools.gnu-tools-for-stm32.7-2018-q2-update.linux64_1.0.0.201904181610/tools/bin/../lib/gcc/arm-none-eabi/7.3.1/../../../../arm-none-eabi/lib/thumb/v7e-m/fpv4-sp/hard/libc_nano.a(lib_a-nano-svfprintf.o)
                0x0000000008005990                _svfprintf_r
                0x0000000008005990                _svfiprintf_r
 .text._printf_common
                0x0000000008005b80       0xea /opt/stm32cubeide/plugins/com.st.stm32cube.ide.mcu.externaltools.gnu-tools-for-stm32.7-2018-q2-update.linux64_1.0.0.201904181610/tools/bin/../lib/gcc/arm-none-eabi/7.3.1/../../../../arm-none-eabi/lib/thumb/v7e-m/fpv4-sp/hard/libc_nano.a(lib_a-nano-vfprintf_i.o)
                0x0000000008005b80                _printf_common
 *fill*         0x0000000008005c6a        0x2 
 .text._printf_i
                0x0000000008005c6c      0x224 /opt/stm32cubeide/plugins/com.st.stm32cube.ide.mcu.externaltools.gnu-tools-for-stm32.7-2018-q2-update.linux64_1.0.0.201904181610/tools/bin/../lib/gcc/arm-none-eabi/7.3.1/../../../../arm-none-eabi/lib/thumb/v7e-m/fpv4-sp/hard/libc_nano.a(lib_a-nano-vfprintf_i.o)
                0x0000000008005c6c                _printf_i
 .text.memmove  0x0000000008005e90       0x32 /opt/stm32cubeide/plugins/com.st.stm32cube.ide.mcu.externaltools.gnu-tools-for-stm32.7-2018-q2-update.linux64_1.0.0.201904181610/tools/bin/../lib/gcc/arm-none-eabi/7.3.1/../../../../arm-none-eabi/lib/thumb/v7e-m/fpv4-sp/hard/libc_nano.a(lib_a-memmove.o)
                0x0000000008005e90                memmove
 .text._realloc_r
                0x0000000008005ec2       0x4c /opt/stm32cubeide/plugins/com.st.stm32cube.ide.mcu.externaltools.gnu-tools-for-stm32.7-2018-q2-update.linux64_1.0.0.201904181610/tools/bin/../lib/gcc/arm-none-eabi/7.3.1/../../../../arm-none-eabi/lib/thumb/v7e-m/fpv4-sp/hard/libc_nano.a(lib_a-nano-reallocr.o)
                0x0000000008005ec2                _realloc_r
 .text._malloc_usable_size_r
                0x0000000008005f0e       0x10 /opt/stm32cubeide/plugins/com.st.stm32cube.ide.mcu.externaltools.gnu-tools-for-stm32.7-2018-q2-update.linux64_1.0.0.201904181610/tools/bin/../lib/gcc/arm-none-eabi/7.3.1/../../../../arm-none-eabi/lib/thumb/v7e-m/fpv4-sp/hard/libc_nano.a(lib_a-nano-msizer.o)
                0x0000000008005f0e                _malloc_usable_size_r
 *(.glue_7)
 .glue_7        0x0000000008005f1e        0x0 linker stubs
 *(.glue_7t)
 .glue_7t       0x0000000008005f1e        0x0 linker stubs
 *(.eh_frame)
 *fill*         0x0000000008005f1e        0x2 
 .eh_frame      0x0000000008005f20        0x0 /opt/stm32cubeide/plugins/com.st.stm32cube.ide.mcu.externaltools.gnu-tools-for-stm32.7-2018-q2-update.linux64_1.0.0.201904181610/tools/bin/../lib/gcc/arm-none-eabi/7.3.1/thumb/v7e-m/fpv4-sp/hard/crtbegin.o
 *(.init)
 .init          0x0000000008005f20        0x4 /opt/stm32cubeide/plugins/com.st.stm32cube.ide.mcu.externaltools.gnu-tools-for-stm32.7-2018-q2-update.linux64_1.0.0.201904181610/tools/bin/../lib/gcc/arm-none-eabi/7.3.1/thumb/v7e-m/fpv4-sp/hard/crti.o
                0x0000000008005f20                _init
 .init          0x0000000008005f24        0x8 /opt/stm32cubeide/plugins/com.st.stm32cube.ide.mcu.externaltools.gnu-tools-for-stm32.7-2018-q2-update.linux64_1.0.0.201904181610/tools/bin/../lib/gcc/arm-none-eabi/7.3.1/thumb/v7e-m/fpv4-sp/hard/crtn.o
 *(.fini)
 .fini          0x0000000008005f2c        0x4 /opt/stm32cubeide/plugins/com.st.stm32cube.ide.mcu.externaltools.gnu-tools-for-stm32.7-2018-q2-update.linux64_1.0.0.201904181610/tools/bin/../lib/gcc/arm-none-eabi/7.3.1/thumb/v7e-m/fpv4-sp/hard/crti.o
                0x0000000008005f2c                _fini
 .fini          0x0000000008005f30        0x8 /opt/stm32cubeide/plugins/com.st.stm32cube.ide.mcu.externaltools.gnu-tools-for-stm32.7-2018-q2-update.linux64_1.0.0.201904181610/tools/bin/../lib/gcc/arm-none-eabi/7.3.1/thumb/v7e-m/fpv4-sp/hard/crtn.o
                0x0000000008005f38                . = ALIGN (0x4)
                0x0000000008005f38                _etext = .

.vfp11_veneer   0x0000000008005f38        0x0
 .vfp11_veneer  0x0000000008005f38        0x0 linker stubs

.v4_bx          0x0000000008005f38        0x0
 .v4_bx         0x0000000008005f38        0x0 linker stubs

.iplt           0x0000000008005f38        0x0
 .iplt          0x0000000008005f38        0x0 /opt/stm32cubeide/plugins/com.st.stm32cube.ide.mcu.externaltools.gnu-tools-for-stm32.7-2018-q2-update.linux64_1.0.0.201904181610/tools/bin/../lib/gcc/arm-none-eabi/7.3.1/thumb/v7e-m/fpv4-sp/hard/crtbegin.o

.rodata         0x0000000008005f38       0xa4
                0x0000000008005f38                . = ALIGN (0x4)
 *(.rodata)
 .rodata        0x0000000008005f38       0x3a Core/Src/main.o
 *fill*         0x0000000008005f72        0x2 
 .rodata        0x0000000008005f74        0x6 Core/Src/nrf24.o
 *(.rodata*)
 *fill*         0x0000000008005f7a        0x2 
 .rodata.nRF24_ADDR
                0x0000000008005f7c        0x3 Core/Src/main.o
                0x0000000008005f7c                nRF24_ADDR
 *fill*         0x0000000008005f7f        0x1 
 .rodata.nRF24_RX_PW_PIPE
                0x0000000008005f80        0x6 Core/Src/nrf24.o
 *fill*         0x0000000008005f86        0x2 
 .rodata.nRF24_ADDR_REGS
                0x0000000008005f88        0x7 Core/Src/nrf24.o
 *fill*         0x0000000008005f8f        0x1 
 .rodata.AHBPrescTable
                0x0000000008005f90       0x10 Core/Src/system_stm32f4xx.o
                0x0000000008005f90                AHBPrescTable
 .rodata.APBPrescTable
                0x0000000008005fa0        0x8 Core/Src/system_stm32f4xx.o
                0x0000000008005fa0                APBPrescTable
 .rodata._svfprintf_r.str1.1
                0x0000000008005fa8       0x11 /opt/stm32cubeide/plugins/com.st.stm32cube.ide.mcu.externaltools.gnu-tools-for-stm32.7-2018-q2-update.linux64_1.0.0.201904181610/tools/bin/../lib/gcc/arm-none-eabi/7.3.1/../../../../arm-none-eabi/lib/thumb/v7e-m/fpv4-sp/hard/libc_nano.a(lib_a-nano-svfprintf.o)
 .rodata._printf_i.str1.1
                0x0000000008005fb9       0x22 /opt/stm32cubeide/plugins/com.st.stm32cube.ide.mcu.externaltools.gnu-tools-for-stm32.7-2018-q2-update.linux64_1.0.0.201904181610/tools/bin/../lib/gcc/arm-none-eabi/7.3.1/../../../../arm-none-eabi/lib/thumb/v7e-m/fpv4-sp/hard/libc_nano.a(lib_a-nano-vfprintf_i.o)
                0x0000000008005fdc                . = ALIGN (0x4)
 *fill*         0x0000000008005fdb        0x1 

.ARM.extab      0x0000000008005fdc        0x0
                0x0000000008005fdc                . = ALIGN (0x4)
 *(.ARM.extab* .gnu.linkonce.armextab.*)
                0x0000000008005fdc                . = ALIGN (0x4)

.ARM            0x0000000008005fdc        0x8
                0x0000000008005fdc                . = ALIGN (0x4)
                0x0000000008005fdc                __exidx_start = .
 *(.ARM.exidx*)
 .ARM.exidx     0x0000000008005fdc        0x8 /opt/stm32cubeide/plugins/com.st.stm32cube.ide.mcu.externaltools.gnu-tools-for-stm32.7-2018-q2-update.linux64_1.0.0.201904181610/tools/bin/../lib/gcc/arm-none-eabi/7.3.1/thumb/v7e-m/fpv4-sp/hard/libgcc.a(_udivmoddi4.o)
                0x0000000008005fe4                __exidx_end = .
                0x0000000008005fe4                . = ALIGN (0x4)

.rel.dyn        0x0000000008005fe4        0x0
 .rel.iplt      0x0000000008005fe4        0x0 /opt/stm32cubeide/plugins/com.st.stm32cube.ide.mcu.externaltools.gnu-tools-for-stm32.7-2018-q2-update.linux64_1.0.0.201904181610/tools/bin/../lib/gcc/arm-none-eabi/7.3.1/thumb/v7e-m/fpv4-sp/hard/crtbegin.o

.preinit_array  0x0000000008005fe4        0x0
                0x0000000008005fe4                . = ALIGN (0x4)
                0x0000000008005fe4                PROVIDE (__preinit_array_start = .)
 *(.preinit_array*)
                0x0000000008005fe4                PROVIDE (__preinit_array_end = .)
                0x0000000008005fe4                . = ALIGN (0x4)

.init_array     0x0000000008005fe4        0x4
                0x0000000008005fe4                . = ALIGN (0x4)
                0x0000000008005fe4                PROVIDE (__init_array_start = .)
 *(SORT_BY_NAME(.init_array.*))
 *(.init_array*)
 .init_array    0x0000000008005fe4        0x4 /opt/stm32cubeide/plugins/com.st.stm32cube.ide.mcu.externaltools.gnu-tools-for-stm32.7-2018-q2-update.linux64_1.0.0.201904181610/tools/bin/../lib/gcc/arm-none-eabi/7.3.1/thumb/v7e-m/fpv4-sp/hard/crtbegin.o
                0x0000000008005fe8                PROVIDE (__init_array_end = .)
                0x0000000008005fe8                . = ALIGN (0x4)

.fini_array     0x0000000008005fe8        0x4
                0x0000000008005fe8                . = ALIGN (0x4)
                [!provide]                        PROVIDE (__fini_array_start = .)
 *(SORT_BY_NAME(.fini_array.*))
 *(.fini_array*)
 .fini_array    0x0000000008005fe8        0x4 /opt/stm32cubeide/plugins/com.st.stm32cube.ide.mcu.externaltools.gnu-tools-for-stm32.7-2018-q2-update.linux64_1.0.0.201904181610/tools/bin/../lib/gcc/arm-none-eabi/7.3.1/thumb/v7e-m/fpv4-sp/hard/crtbegin.o
                [!provide]                        PROVIDE (__fini_array_end = .)
                0x0000000008005fec                . = ALIGN (0x4)
                0x0000000008005fec                _sidata = LOADADDR (.data)

.data           0x0000000020000000       0x74 load address 0x0000000008005fec
                0x0000000020000000                . = ALIGN (0x4)
                0x0000000020000000                _sdata = .
 *(.data)
 *(.data*)
 .data.RXactiveFlag
                0x0000000020000000        0x4 Core/Src/stm32f4xx_it.o
                0x0000000020000000                RXactiveFlag
 .data.SystemCoreClock
                0x0000000020000004        0x4 Core/Src/system_stm32f4xx.o
                0x0000000020000004                SystemCoreClock
 .data.uwTickPrio
                0x0000000020000008        0x4 Drivers/STM32F4xx_HAL_Driver/Src/stm32f4xx_hal.o
                0x0000000020000008                uwTickPrio
 .data.uwTickFreq
                0x000000002000000c        0x1 Drivers/STM32F4xx_HAL_Driver/Src/stm32f4xx_hal.o
                0x000000002000000c                uwTickFreq
 *fill*         0x000000002000000d        0x3 
 .data._impure_ptr
                0x0000000020000010        0x4 /opt/stm32cubeide/plugins/com.st.stm32cube.ide.mcu.externaltools.gnu-tools-for-stm32.7-2018-q2-update.linux64_1.0.0.201904181610/tools/bin/../lib/gcc/arm-none-eabi/7.3.1/../../../../arm-none-eabi/lib/thumb/v7e-m/fpv4-sp/hard/libc_nano.a(lib_a-impure.o)
                0x0000000020000010                _impure_ptr
 .data.impure_data
                0x0000000020000014       0x60 /opt/stm32cubeide/plugins/com.st.stm32cube.ide.mcu.externaltools.gnu-tools-for-stm32.7-2018-q2-update.linux64_1.0.0.201904181610/tools/bin/../lib/gcc/arm-none-eabi/7.3.1/../../../../arm-none-eabi/lib/thumb/v7e-m/fpv4-sp/hard/libc_nano.a(lib_a-impure.o)
                0x0000000020000074                . = ALIGN (0x4)
                0x0000000020000074                _edata = .

.igot.plt       0x0000000020000074        0x0 load address 0x0000000008006060
 .igot.plt      0x0000000020000074        0x0 /opt/stm32cubeide/plugins/com.st.stm32cube.ide.mcu.externaltools.gnu-tools-for-stm32.7-2018-q2-update.linux64_1.0.0.201904181610/tools/bin/../lib/gcc/arm-none-eabi/7.3.1/thumb/v7e-m/fpv4-sp/hard/crtbegin.o
                0x0000000020000074                . = ALIGN (0x4)

.bss            0x0000000020000074      0x6e4 load address 0x0000000008006060
                0x0000000020000074                _sbss = .
                0x0000000020000074                __bss_start__ = _sbss
 *(.bss)
 .bss           0x0000000020000074       0x1c /opt/stm32cubeide/plugins/com.st.stm32cube.ide.mcu.externaltools.gnu-tools-for-stm32.7-2018-q2-update.linux64_1.0.0.201904181610/tools/bin/../lib/gcc/arm-none-eabi/7.3.1/thumb/v7e-m/fpv4-sp/hard/crtbegin.o
 *(.bss*)
 .bss.RXstpaketov
                0x0000000020000090        0x1 Core/Src/main.o
                0x0000000020000090                RXstpaketov
 *fill*         0x0000000020000091        0x3 
 .bss.MotorStatus
                0x0000000020000094        0x4 Core/Src/main.o
                0x0000000020000094                MotorStatus
 .bss.GyroCalibStatus
                0x0000000020000098        0x4 Core/Src/main.o
                0x0000000020000098                GyroCalibStatus
 .bss.BattmVSUM
                0x000000002000009c        0x4 Core/Src/stm32f4xx_it.o
                0x000000002000009c                BattmVSUM
 .bss.BattmVAVG
                0x00000000200000a0        0x4 Core/Src/stm32f4xx_it.o
                0x00000000200000a0                BattmVAVG
 .bss.batthistindx
                0x00000000200000a4        0x4 Core/Src/stm32f4xx_it.o
                0x00000000200000a4                batthistindx
 .bss.SendBackFlag
                0x00000000200000a8        0x4 Core/Src/stm32f4xx_it.o
                0x00000000200000a8                SendBackFlag
 .bss.BackTimer
                0x00000000200000ac        0x4 Core/Src/stm32f4xx_it.o
                0x00000000200000ac                BackTimer
 .bss.heap_end.6424
                0x00000000200000b0        0x4 Core/Src/sysmem.o
 .bss.__malloc_free_list
                0x00000000200000b4        0x4 /opt/stm32cubeide/plugins/com.st.stm32cube.ide.mcu.externaltools.gnu-tools-for-stm32.7-2018-q2-update.linux64_1.0.0.201904181610/tools/bin/../lib/gcc/arm-none-eabi/7.3.1/../../../../arm-none-eabi/lib/thumb/v7e-m/fpv4-sp/hard/libc_nano.a(lib_a-nano-mallocr.o)
                0x00000000200000b4                __malloc_free_list
 .bss.__malloc_sbrk_start
                0x00000000200000b8        0x4 /opt/stm32cubeide/plugins/com.st.stm32cube.ide.mcu.externaltools.gnu-tools-for-stm32.7-2018-q2-update.linux64_1.0.0.201904181610/tools/bin/../lib/gcc/arm-none-eabi/7.3.1/../../../../arm-none-eabi/lib/thumb/v7e-m/fpv4-sp/hard/libc_nano.a(lib_a-nano-mallocr.o)
                0x00000000200000b8                __malloc_sbrk_start
 *(COMMON)
 COMMON         0x00000000200000bc       0x48 Core/Src/adc.o
                0x00000000200000bc                hadc1
 COMMON         0x0000000020000104       0x54 Core/Src/i2c.o
                0x0000000020000104                hi2c1
 COMMON         0x0000000020000158      0x26c Core/Src/main.o
                0x0000000020000158                Djoyleftright
                0x000000002000015c                togg3
                0x0000000020000160                togg6
                0x0000000020000164                nRF24_payloadRX
                0x0000000020000184                FlashDataDefault
                0x00000000200001d8                watch2
                0x00000000200001dc                watch4
                0x00000000200001e0                wifiOK
                0x00000000200001e4                watch1
                0x00000000200001e8                UartTXbuff0
                0x000000002000024c                togg5
                0x0000000020000250                nRF24_payloadTX
                0x0000000020000270                Ljoyleftright
                0x0000000020000274                watch6
                0x0000000020000278                togg1
                0x000000002000027c                Ljoyupdown
                0x0000000020000280                watch3
                0x0000000020000284                togg4
                0x0000000020000288                FlashDataActive
                0x00000000200002dc                potenc1
                0x00000000200002e0                mpu6050DataStr
                0x0000000020000360                FlashDataFlash
                0x00000000200003b4                Djoyupdown
                0x00000000200003b8                potenc2
                0x00000000200003bc                togg2
                0x00000000200003c0                watch5
 COMMON         0x00000000200003c4      0x108 Core/Src/spi.o
                0x00000000200003c4                hspi2
                0x000000002000041c                hspi3
                0x0000000020000474                hspi1
 COMMON         0x00000000200004cc      0x1c4 Core/Src/stm32f4xx_it.o
                0x00000000200004cc                LoopCounter
                0x00000000200004d0                PWM_Mot3
                0x00000000200004d4                FlashEraseFlag
                0x00000000200004d8                ThrottleINscaled
                0x00000000200004dc                PWM_Mot2
                0x00000000200004e0                FlashEraseTimeoutCount
                0x00000000200004e4                MSGcount
                0x00000000200004e8                togg5hist
                0x00000000200004ec                MSGSelector
                0x00000000200004f0                YawINscaled
                0x00000000200004f4                BAttmVhist
                0x00000000200005bc                togg4hist
                0x00000000200005c0                ParamDataRX
                0x00000000200005c4                MSGLowCount
                0x00000000200005c8                MSGprerSecond
                0x00000000200005cc                PWM_Mot4
                0x00000000200005d0                AnglePitchDIR
                0x00000000200005d4                i
                0x00000000200005d8                YawPIDin
                0x00000000200005dc                ParamSelector
                0x00000000200005e0                RollPIDin
                0x00000000200005e4                ParamDataTX
                0x00000000200005e8                RollPIDout
                0x00000000200005ec                RollINscaled
                0x00000000200005f0                PitchINscaled
                0x00000000200005f4                SendParamActiveFlag
                0x00000000200005f8                togg2hist
                0x00000000200005fc                AngleRollDIR
                0x0000000020000600                PWM_Mot1
                0x0000000020000604                ConnectWeakFlag
                0x0000000020000608                FlashDataTemp
                0x000000002000065c                PitchPIDin
                0x0000000020000660                SendParamFlashFlag
                0x0000000020000664                AnglePitchNRF24
                0x0000000020000668                LEDcount
                0x000000002000066c                AngleRollNRF24
                0x0000000020000670                togg6hist
                0x0000000020000674                FlashWriteFlag
                0x0000000020000678                BattmV
                0x000000002000067c                FlashWriteTimeoutCount
                0x0000000020000680                PitchPIDout
                0x0000000020000684                YawPIDout
                0x0000000020000688                togg3hist
                0x000000002000068c                togg1hist
 COMMON         0x0000000020000690       0x80 Core/Src/tim.o
                0x0000000020000690                htim1
                0x00000000200006d0                htim2
 COMMON         0x0000000020000710       0x40 Core/Src/usart.o
                0x0000000020000710                huart1
 COMMON         0x0000000020000750        0x4 Drivers/STM32F4xx_HAL_Driver/Src/stm32f4xx_hal.o
                0x0000000020000750                uwTick
 COMMON         0x0000000020000754        0x4 /opt/stm32cubeide/plugins/com.st.stm32cube.ide.mcu.externaltools.gnu-tools-for-stm32.7-2018-q2-update.linux64_1.0.0.201904181610/tools/bin/../lib/gcc/arm-none-eabi/7.3.1/../../../../arm-none-eabi/lib/thumb/v7e-m/fpv4-sp/hard/libc_nano.a(lib_a-reent.o)
                0x0000000020000754                errno
                0x0000000020000758                . = ALIGN (0x4)
                0x0000000020000758                _ebss = .
                0x0000000020000758                __bss_end__ = _ebss

._user_heap_stack
                0x0000000020000758      0x600 load address 0x0000000008006060
                0x0000000020000758                . = ALIGN (0x8)
                0x0000000020000758                PROVIDE (end = .)
                [!provide]                        PROVIDE (_end = .)
                0x0000000020000958                . = (. + _Min_Heap_Size)
 *fill*         0x0000000020000758      0x200 
                0x0000000020000d58                . = (. + _Min_Stack_Size)
 *fill*         0x0000000020000958      0x400 
                0x0000000020000d58                . = ALIGN (0x8)

/DISCARD/
 libc.a(*)
 libm.a(*)
 libgcc.a(*)

.ARM.attributes
                0x0000000000000000       0x30
 *(.ARM.attributes)
 .ARM.attributes
                0x0000000000000000       0x22 /opt/stm32cubeide/plugins/com.st.stm32cube.ide.mcu.externaltools.gnu-tools-for-stm32.7-2018-q2-update.linux64_1.0.0.201904181610/tools/bin/../lib/gcc/arm-none-eabi/7.3.1/thumb/v7e-m/fpv4-sp/hard/crti.o
 .ARM.attributes
                0x0000000000000022       0x34 /opt/stm32cubeide/plugins/com.st.stm32cube.ide.mcu.externaltools.gnu-tools-for-stm32.7-2018-q2-update.linux64_1.0.0.201904181610/tools/bin/../lib/gcc/arm-none-eabi/7.3.1/thumb/v7e-m/fpv4-sp/hard/crtbegin.o
 .ARM.attributes
                0x0000000000000056       0x39 Core/Src/SPI-test.o
 .ARM.attributes
                0x000000000000008f       0x39 Core/Src/adc.o
 .ARM.attributes
                0x00000000000000c8       0x39 Core/Src/gpio.o
 .ARM.attributes
                0x0000000000000101       0x39 Core/Src/i2c.o
 .ARM.attributes
                0x000000000000013a       0x39 Core/Src/main.o
 .ARM.attributes
                0x0000000000000173       0x39 Core/Src/nrf24.o
 .ARM.attributes
                0x00000000000001ac       0x39 Core/Src/spi.o
 .ARM.attributes
                0x00000000000001e5       0x39 Core/Src/stm32f4xx_hal_msp.o
 .ARM.attributes
                0x000000000000021e       0x39 Core/Src/stm32f4xx_it.o
 .ARM.attributes
                0x0000000000000257       0x39 Core/Src/sysmem.o
 .ARM.attributes
                0x0000000000000290       0x39 Core/Src/system_stm32f4xx.o
 .ARM.attributes
                0x00000000000002c9       0x39 Core/Src/tim.o
 .ARM.attributes
                0x0000000000000302       0x39 Core/Src/usart.o
 .ARM.attributes
                0x000000000000033b       0x21 Core/Startup/startup_stm32f401ccux.o
 .ARM.attributes
                0x000000000000035c       0x39 Drivers/STM32F4xx_HAL_Driver/Src/stm32f4xx_hal.o
 .ARM.attributes
                0x0000000000000395       0x39 Drivers/STM32F4xx_HAL_Driver/Src/stm32f4xx_hal_adc.o
 .ARM.attributes
                0x00000000000003ce       0x39 Drivers/STM32F4xx_HAL_Driver/Src/stm32f4xx_hal_cortex.o
 .ARM.attributes
                0x0000000000000407       0x39 Drivers/STM32F4xx_HAL_Driver/Src/stm32f4xx_hal_gpio.o
 .ARM.attributes
                0x0000000000000440       0x39 Drivers/STM32F4xx_HAL_Driver/Src/stm32f4xx_hal_i2c.o
 .ARM.attributes
                0x0000000000000479       0x39 Drivers/STM32F4xx_HAL_Driver/Src/stm32f4xx_hal_rcc.o
 .ARM.attributes
                0x00000000000004b2       0x39 Drivers/STM32F4xx_HAL_Driver/Src/stm32f4xx_hal_spi.o
 .ARM.attributes
                0x00000000000004eb       0x39 Drivers/STM32F4xx_HAL_Driver/Src/stm32f4xx_hal_tim.o
 .ARM.attributes
                0x0000000000000524       0x39 Drivers/STM32F4xx_HAL_Driver/Src/stm32f4xx_hal_tim_ex.o
 .ARM.attributes
                0x000000000000055d       0x39 Drivers/STM32F4xx_HAL_Driver/Src/stm32f4xx_hal_uart.o
 .ARM.attributes
                0x0000000000000596       0x34 /opt/stm32cubeide/plugins/com.st.stm32cube.ide.mcu.externaltools.gnu-tools-for-stm32.7-2018-q2-update.linux64_1.0.0.201904181610/tools/bin/../lib/gcc/arm-none-eabi/7.3.1/../../../../arm-none-eabi/lib/thumb/v7e-m/fpv4-sp/hard/libc_nano.a(lib_a-errno.o)
 .ARM.attributes
                0x00000000000005ca       0x34 /opt/stm32cubeide/plugins/com.st.stm32cube.ide.mcu.externaltools.gnu-tools-for-stm32.7-2018-q2-update.linux64_1.0.0.201904181610/tools/bin/../lib/gcc/arm-none-eabi/7.3.1/../../../../arm-none-eabi/lib/thumb/v7e-m/fpv4-sp/hard/libc_nano.a(lib_a-impure.o)
 .ARM.attributes
                0x00000000000005fe       0x34 /opt/stm32cubeide/plugins/com.st.stm32cube.ide.mcu.externaltools.gnu-tools-for-stm32.7-2018-q2-update.linux64_1.0.0.201904181610/tools/bin/../lib/gcc/arm-none-eabi/7.3.1/../../../../arm-none-eabi/lib/thumb/v7e-m/fpv4-sp/hard/libc_nano.a(lib_a-init.o)
 .ARM.attributes
                0x0000000000000632       0x34 /opt/stm32cubeide/plugins/com.st.stm32cube.ide.mcu.externaltools.gnu-tools-for-stm32.7-2018-q2-update.linux64_1.0.0.201904181610/tools/bin/../lib/gcc/arm-none-eabi/7.3.1/../../../../arm-none-eabi/lib/thumb/v7e-m/fpv4-sp/hard/libc_nano.a(lib_a-memcpy-stub.o)
 .ARM.attributes
                0x0000000000000666       0x34 /opt/stm32cubeide/plugins/com.st.stm32cube.ide.mcu.externaltools.gnu-tools-for-stm32.7-2018-q2-update.linux64_1.0.0.201904181610/tools/bin/../lib/gcc/arm-none-eabi/7.3.1/../../../../arm-none-eabi/lib/thumb/v7e-m/fpv4-sp/hard/libc_nano.a(lib_a-memset.o)
 .ARM.attributes
                0x000000000000069a       0x34 /opt/stm32cubeide/plugins/com.st.stm32cube.ide.mcu.externaltools.gnu-tools-for-stm32.7-2018-q2-update.linux64_1.0.0.201904181610/tools/bin/../lib/gcc/arm-none-eabi/7.3.1/../../../../arm-none-eabi/lib/thumb/v7e-m/fpv4-sp/hard/libc_nano.a(lib_a-nano-freer.o)
 .ARM.attributes
                0x00000000000006ce       0x34 /opt/stm32cubeide/plugins/com.st.stm32cube.ide.mcu.externaltools.gnu-tools-for-stm32.7-2018-q2-update.linux64_1.0.0.201904181610/tools/bin/../lib/gcc/arm-none-eabi/7.3.1/../../../../arm-none-eabi/lib/thumb/v7e-m/fpv4-sp/hard/libc_nano.a(lib_a-nano-mallocr.o)
 .ARM.attributes
                0x0000000000000702       0x34 /opt/stm32cubeide/plugins/com.st.stm32cube.ide.mcu.externaltools.gnu-tools-for-stm32.7-2018-q2-update.linux64_1.0.0.201904181610/tools/bin/../lib/gcc/arm-none-eabi/7.3.1/../../../../arm-none-eabi/lib/thumb/v7e-m/fpv4-sp/hard/libc_nano.a(lib_a-sbrkr.o)
 .ARM.attributes
                0x0000000000000736       0x34 /opt/stm32cubeide/plugins/com.st.stm32cube.ide.mcu.externaltools.gnu-tools-for-stm32.7-2018-q2-update.linux64_1.0.0.201904181610/tools/bin/../lib/gcc/arm-none-eabi/7.3.1/../../../../arm-none-eabi/lib/thumb/v7e-m/fpv4-sp/hard/libc_nano.a(lib_a-sprintf.o)
 .ARM.attributes
                0x000000000000076a       0x34 /opt/stm32cubeide/plugins/com.st.stm32cube.ide.mcu.externaltools.gnu-tools-for-stm32.7-2018-q2-update.linux64_1.0.0.201904181610/tools/bin/../lib/gcc/arm-none-eabi/7.3.1/../../../../arm-none-eabi/lib/thumb/v7e-m/fpv4-sp/hard/libc_nano.a(lib_a-mlock.o)
 .ARM.attributes
                0x000000000000079e       0x34 /opt/stm32cubeide/plugins/com.st.stm32cube.ide.mcu.externaltools.gnu-tools-for-stm32.7-2018-q2-update.linux64_1.0.0.201904181610/tools/bin/../lib/gcc/arm-none-eabi/7.3.1/../../../../arm-none-eabi/lib/thumb/v7e-m/fpv4-sp/hard/libc_nano.a(lib_a-nano-svfprintf.o)
 .ARM.attributes
                0x00000000000007d2       0x34 /opt/stm32cubeide/plugins/com.st.stm32cube.ide.mcu.externaltools.gnu-tools-for-stm32.7-2018-q2-update.linux64_1.0.0.201904181610/tools/bin/../lib/gcc/arm-none-eabi/7.3.1/../../../../arm-none-eabi/lib/thumb/v7e-m/fpv4-sp/hard/libc_nano.a(lib_a-nano-vfprintf_i.o)
 .ARM.attributes
                0x0000000000000806       0x34 /opt/stm32cubeide/plugins/com.st.stm32cube.ide.mcu.externaltools.gnu-tools-for-stm32.7-2018-q2-update.linux64_1.0.0.201904181610/tools/bin/../lib/gcc/arm-none-eabi/7.3.1/../../../../arm-none-eabi/lib/thumb/v7e-m/fpv4-sp/hard/libc_nano.a(lib_a-reent.o)
 .ARM.attributes
                0x000000000000083a       0x20 /opt/stm32cubeide/plugins/com.st.stm32cube.ide.mcu.externaltools.gnu-tools-for-stm32.7-2018-q2-update.linux64_1.0.0.201904181610/tools/bin/../lib/gcc/arm-none-eabi/7.3.1/../../../../arm-none-eabi/lib/thumb/v7e-m/fpv4-sp/hard/libc_nano.a(lib_a-memchr.o)
 .ARM.attributes
                0x000000000000085a       0x34 /opt/stm32cubeide/plugins/com.st.stm32cube.ide.mcu.externaltools.gnu-tools-for-stm32.7-2018-q2-update.linux64_1.0.0.201904181610/tools/bin/../lib/gcc/arm-none-eabi/7.3.1/../../../../arm-none-eabi/lib/thumb/v7e-m/fpv4-sp/hard/libc_nano.a(lib_a-memmove.o)
 .ARM.attributes
                0x000000000000088e       0x34 /opt/stm32cubeide/plugins/com.st.stm32cube.ide.mcu.externaltools.gnu-tools-for-stm32.7-2018-q2-update.linux64_1.0.0.201904181610/tools/bin/../lib/gcc/arm-none-eabi/7.3.1/../../../../arm-none-eabi/lib/thumb/v7e-m/fpv4-sp/hard/libc_nano.a(lib_a-nano-reallocr.o)
 .ARM.attributes
                0x00000000000008c2       0x34 /opt/stm32cubeide/plugins/com.st.stm32cube.ide.mcu.externaltools.gnu-tools-for-stm32.7-2018-q2-update.linux64_1.0.0.201904181610/tools/bin/../lib/gcc/arm-none-eabi/7.3.1/../../../../arm-none-eabi/lib/thumb/v7e-m/fpv4-sp/hard/libc_nano.a(lib_a-nano-msizer.o)
 .ARM.attributes
                0x00000000000008f6       0x22 /opt/stm32cubeide/plugins/com.st.stm32cube.ide.mcu.externaltools.gnu-tools-for-stm32.7-2018-q2-update.linux64_1.0.0.201904181610/tools/bin/../lib/gcc/arm-none-eabi/7.3.1/thumb/v7e-m/fpv4-sp/hard/libgcc.a(_aeabi_uldivmod.o)
 .ARM.attributes
                0x0000000000000918       0x34 /opt/stm32cubeide/plugins/com.st.stm32cube.ide.mcu.externaltools.gnu-tools-for-stm32.7-2018-q2-update.linux64_1.0.0.201904181610/tools/bin/../lib/gcc/arm-none-eabi/7.3.1/thumb/v7e-m/fpv4-sp/hard/libgcc.a(_udivmoddi4.o)
 .ARM.attributes
                0x000000000000094c       0x22 /opt/stm32cubeide/plugins/com.st.stm32cube.ide.mcu.externaltools.gnu-tools-for-stm32.7-2018-q2-update.linux64_1.0.0.201904181610/tools/bin/../lib/gcc/arm-none-eabi/7.3.1/thumb/v7e-m/fpv4-sp/hard/libgcc.a(_dvmd_tls.o)
 .ARM.attributes
                0x000000000000096e       0x22 /opt/stm32cubeide/plugins/com.st.stm32cube.ide.mcu.externaltools.gnu-tools-for-stm32.7-2018-q2-update.linux64_1.0.0.201904181610/tools/bin/../lib/gcc/arm-none-eabi/7.3.1/thumb/v7e-m/fpv4-sp/hard/crtn.o
OUTPUT(FlightControllerF401.elf elf32-littlearm)

.debug_info     0x0000000000000000    0x1d454
 .debug_info    0x0000000000000000      0x2d5 Core/Src/SPI-test.o
 .debug_info    0x00000000000002d5     0x19a1 Core/Src/adc.o
 .debug_info    0x0000000000001c76     0x1920 Core/Src/gpio.o
 .debug_info    0x0000000000003596     0x1beb Core/Src/i2c.o
 .debug_info    0x0000000000005181     0x25de Core/Src/main.o
 .debug_info    0x000000000000775f      0xe2f Core/Src/nrf24.o
 .debug_info    0x000000000000858e     0x1c7e Core/Src/spi.o
 .debug_info    0x000000000000a20c     0x17ba Core/Src/stm32f4xx_hal_msp.o
 .debug_info    0x000000000000b9c6     0x1cba Core/Src/stm32f4xx_it.o
 .debug_info    0x000000000000d680      0x91c Core/Src/sysmem.o
 .debug_info    0x000000000000df9c      0x57e Core/Src/system_stm32f4xx.o
 .debug_info    0x000000000000e51a     0x1cf2 Core/Src/tim.o
 .debug_info    0x000000000001020c     0x1b4f Core/Src/usart.o
 .debug_info    0x0000000000011d5b       0x22 Core/Startup/startup_stm32f401ccux.o
 .debug_info    0x0000000000011d7d      0x8ce Drivers/STM32F4xx_HAL_Driver/Src/stm32f4xx_hal.o
 .debug_info    0x000000000001264b      0xce6 Drivers/STM32F4xx_HAL_Driver/Src/stm32f4xx_hal_adc.o
 .debug_info    0x0000000000013331      0xd92 Drivers/STM32F4xx_HAL_Driver/Src/stm32f4xx_hal_cortex.o
 .debug_info    0x00000000000140c3      0x7d7 Drivers/STM32F4xx_HAL_Driver/Src/stm32f4xx_hal_gpio.o
 .debug_info    0x000000000001489a     0x242b Drivers/STM32F4xx_HAL_Driver/Src/stm32f4xx_hal_i2c.o
 .debug_info    0x0000000000016cc5      0x929 Drivers/STM32F4xx_HAL_Driver/Src/stm32f4xx_hal_rcc.o
 .debug_info    0x00000000000175ee     0x1632 Drivers/STM32F4xx_HAL_Driver/Src/stm32f4xx_hal_spi.o
 .debug_info    0x0000000000018c20     0x24a1 Drivers/STM32F4xx_HAL_Driver/Src/stm32f4xx_hal_tim.o
 .debug_info    0x000000000001b0c1     0x114f Drivers/STM32F4xx_HAL_Driver/Src/stm32f4xx_hal_tim_ex.o
 .debug_info    0x000000000001c210     0x1244 Drivers/STM32F4xx_HAL_Driver/Src/stm32f4xx_hal_uart.o

.debug_abbrev   0x0000000000000000     0x30e8
 .debug_abbrev  0x0000000000000000      0x132 Core/Src/SPI-test.o
 .debug_abbrev  0x0000000000000132      0x228 Core/Src/adc.o
 .debug_abbrev  0x000000000000035a      0x1f2 Core/Src/gpio.o
 .debug_abbrev  0x000000000000054c      0x228 Core/Src/i2c.o
 .debug_abbrev  0x0000000000000774      0x2b6 Core/Src/main.o
 .debug_abbrev  0x0000000000000a2a      0x2ab Core/Src/nrf24.o
 .debug_abbrev  0x0000000000000cd5      0x228 Core/Src/spi.o
 .debug_abbrev  0x0000000000000efd      0x1f2 Core/Src/stm32f4xx_hal_msp.o
 .debug_abbrev  0x00000000000010ef      0x28a Core/Src/stm32f4xx_it.o
 .debug_abbrev  0x0000000000001379      0x1bb Core/Src/sysmem.o
 .debug_abbrev  0x0000000000001534      0x12b Core/Src/system_stm32f4xx.o
 .debug_abbrev  0x000000000000165f      0x228 Core/Src/tim.o
 .debug_abbrev  0x0000000000001887      0x228 Core/Src/usart.o
 .debug_abbrev  0x0000000000001aaf       0x12 Core/Startup/startup_stm32f401ccux.o
 .debug_abbrev  0x0000000000001ac1      0x1f2 Drivers/STM32F4xx_HAL_Driver/Src/stm32f4xx_hal.o
 .debug_abbrev  0x0000000000001cb3      0x1cd Drivers/STM32F4xx_HAL_Driver/Src/stm32f4xx_hal_adc.o
 .debug_abbrev  0x0000000000001e80      0x2fa Drivers/STM32F4xx_HAL_Driver/Src/stm32f4xx_hal_cortex.o
 .debug_abbrev  0x000000000000217a      0x1c9 Drivers/STM32F4xx_HAL_Driver/Src/stm32f4xx_hal_gpio.o
 .debug_abbrev  0x0000000000002343      0x263 Drivers/STM32F4xx_HAL_Driver/Src/stm32f4xx_hal_i2c.o
 .debug_abbrev  0x00000000000025a6      0x245 Drivers/STM32F4xx_HAL_Driver/Src/stm32f4xx_hal_rcc.o
 .debug_abbrev  0x00000000000027eb      0x240 Drivers/STM32F4xx_HAL_Driver/Src/stm32f4xx_hal_spi.o
 .debug_abbrev  0x0000000000002a2b      0x23f Drivers/STM32F4xx_HAL_Driver/Src/stm32f4xx_hal_tim.o
 .debug_abbrev  0x0000000000002c6a      0x22d Drivers/STM32F4xx_HAL_Driver/Src/stm32f4xx_hal_tim_ex.o
 .debug_abbrev  0x0000000000002e97      0x251 Drivers/STM32F4xx_HAL_Driver/Src/stm32f4xx_hal_uart.o

.debug_aranges  0x0000000000000000     0x12f0
 .debug_aranges
                0x0000000000000000       0x30 Core/Src/SPI-test.o
 .debug_aranges
                0x0000000000000030       0x30 Core/Src/adc.o
 .debug_aranges
                0x0000000000000060       0x20 Core/Src/gpio.o
 .debug_aranges
                0x0000000000000080       0x30 Core/Src/i2c.o
 .debug_aranges
                0x00000000000000b0       0x60 Core/Src/main.o
 .debug_aranges
                0x0000000000000110      0x120 Core/Src/nrf24.o
 .debug_aranges
                0x0000000000000230       0x40 Core/Src/spi.o
 .debug_aranges
                0x0000000000000270       0x20 Core/Src/stm32f4xx_hal_msp.o
 .debug_aranges
                0x0000000000000290       0x78 Core/Src/stm32f4xx_it.o
 .debug_aranges
                0x0000000000000308       0x20 Core/Src/sysmem.o
 .debug_aranges
                0x0000000000000328       0x28 Core/Src/system_stm32f4xx.o
 .debug_aranges
                0x0000000000000350       0x40 Core/Src/tim.o
 .debug_aranges
                0x0000000000000390       0x30 Core/Src/usart.o
 .debug_aranges
                0x00000000000003c0       0x28 Core/Startup/startup_stm32f401ccux.o
 .debug_aranges
                0x00000000000003e8       0xf0 Drivers/STM32F4xx_HAL_Driver/Src/stm32f4xx_hal.o
 .debug_aranges
                0x00000000000004d8       0xe8 Drivers/STM32F4xx_HAL_Driver/Src/stm32f4xx_hal_adc.o
 .debug_aranges
                0x00000000000005c0      0x118 Drivers/STM32F4xx_HAL_Driver/Src/stm32f4xx_hal_cortex.o
 .debug_aranges
                0x00000000000006d8       0x58 Drivers/STM32F4xx_HAL_Driver/Src/stm32f4xx_hal_gpio.o
 .debug_aranges
                0x0000000000000730      0x2a0 Drivers/STM32F4xx_HAL_Driver/Src/stm32f4xx_hal_i2c.o
 .debug_aranges
                0x00000000000009d0       0x88 Drivers/STM32F4xx_HAL_Driver/Src/stm32f4xx_hal_rcc.o
 .debug_aranges
                0x0000000000000a58      0x1d0 Drivers/STM32F4xx_HAL_Driver/Src/stm32f4xx_hal_spi.o
 .debug_aranges
                0x0000000000000c28      0x3a8 Drivers/STM32F4xx_HAL_Driver/Src/stm32f4xx_hal_tim.o
 .debug_aranges
                0x0000000000000fd0      0x150 Drivers/STM32F4xx_HAL_Driver/Src/stm32f4xx_hal_tim_ex.o
 .debug_aranges
                0x0000000000001120      0x1d0 Drivers/STM32F4xx_HAL_Driver/Src/stm32f4xx_hal_uart.o

.debug_ranges   0x0000000000000000     0x11a0
 .debug_ranges  0x0000000000000000       0x20 Core/Src/SPI-test.o
 .debug_ranges  0x0000000000000020       0x20 Core/Src/adc.o
 .debug_ranges  0x0000000000000040       0x10 Core/Src/gpio.o
 .debug_ranges  0x0000000000000050       0x20 Core/Src/i2c.o
 .debug_ranges  0x0000000000000070       0x50 Core/Src/main.o
 .debug_ranges  0x00000000000000c0      0x110 Core/Src/nrf24.o
 .debug_ranges  0x00000000000001d0       0x30 Core/Src/spi.o
 .debug_ranges  0x0000000000000200       0x10 Core/Src/stm32f4xx_hal_msp.o
 .debug_ranges  0x0000000000000210       0x68 Core/Src/stm32f4xx_it.o
 .debug_ranges  0x0000000000000278       0x10 Core/Src/sysmem.o
 .debug_ranges  0x0000000000000288       0x18 Core/Src/system_stm32f4xx.o
 .debug_ranges  0x00000000000002a0       0x30 Core/Src/tim.o
 .debug_ranges  0x00000000000002d0       0x20 Core/Src/usart.o
 .debug_ranges  0x00000000000002f0       0x20 Core/Startup/startup_stm32f401ccux.o
 .debug_ranges  0x0000000000000310       0xe0 Drivers/STM32F4xx_HAL_Driver/Src/stm32f4xx_hal.o
 .debug_ranges  0x00000000000003f0       0xd8 Drivers/STM32F4xx_HAL_Driver/Src/stm32f4xx_hal_adc.o
 .debug_ranges  0x00000000000004c8      0x108 Drivers/STM32F4xx_HAL_Driver/Src/stm32f4xx_hal_cortex.o
 .debug_ranges  0x00000000000005d0       0x48 Drivers/STM32F4xx_HAL_Driver/Src/stm32f4xx_hal_gpio.o
 .debug_ranges  0x0000000000000618      0x2b8 Drivers/STM32F4xx_HAL_Driver/Src/stm32f4xx_hal_i2c.o
 .debug_ranges  0x00000000000008d0       0x78 Drivers/STM32F4xx_HAL_Driver/Src/stm32f4xx_hal_rcc.o
 .debug_ranges  0x0000000000000948      0x1c0 Drivers/STM32F4xx_HAL_Driver/Src/stm32f4xx_hal_spi.o
 .debug_ranges  0x0000000000000b08      0x398 Drivers/STM32F4xx_HAL_Driver/Src/stm32f4xx_hal_tim.o
 .debug_ranges  0x0000000000000ea0      0x140 Drivers/STM32F4xx_HAL_Driver/Src/stm32f4xx_hal_tim_ex.o
 .debug_ranges  0x0000000000000fe0      0x1c0 Drivers/STM32F4xx_HAL_Driver/Src/stm32f4xx_hal_uart.o

.debug_macro    0x0000000000000000    0x19e0e
 .debug_macro   0x0000000000000000      0x279 Core/Src/SPI-test.o
 .debug_macro   0x0000000000000279      0xa5a Core/Src/SPI-test.o
 .debug_macro   0x0000000000000cd3      0x19c Core/Src/SPI-test.o
 .debug_macro   0x0000000000000e6f       0x2e Core/Src/SPI-test.o
 .debug_macro   0x0000000000000e9d       0x28 Core/Src/SPI-test.o
 .debug_macro   0x0000000000000ec5       0x22 Core/Src/SPI-test.o
 .debug_macro   0x0000000000000ee7       0x8e Core/Src/SPI-test.o
 .debug_macro   0x0000000000000f75       0x51 Core/Src/SPI-test.o
 .debug_macro   0x0000000000000fc6       0xef Core/Src/SPI-test.o
 .debug_macro   0x00000000000010b5       0x6a Core/Src/SPI-test.o
 .debug_macro   0x000000000000111f      0x1df Core/Src/SPI-test.o
 .debug_macro   0x00000000000012fe       0x1c Core/Src/SPI-test.o
 .debug_macro   0x000000000000131a       0x22 Core/Src/SPI-test.o
 .debug_macro   0x000000000000133c       0xdf Core/Src/SPI-test.o
 .debug_macro   0x000000000000141b     0x102d Core/Src/SPI-test.o
 .debug_macro   0x0000000000002448      0x11f Core/Src/SPI-test.o
 .debug_macro   0x0000000000002567     0xb850 Core/Src/SPI-test.o
 .debug_macro   0x000000000000ddb7       0x43 Core/Src/SPI-test.o
 .debug_macro   0x000000000000ddfa     0x3659 Core/Src/SPI-test.o
 .debug_macro   0x0000000000011453      0x174 Core/Src/SPI-test.o
 .debug_macro   0x00000000000115c7       0x5a Core/Src/SPI-test.o
 .debug_macro   0x0000000000011621      0x416 Core/Src/SPI-test.o
 .debug_macro   0x0000000000011a37      0x9fe Core/Src/SPI-test.o
 .debug_macro   0x0000000000012435      0x15f Core/Src/SPI-test.o
 .debug_macro   0x0000000000012594      0x117 Core/Src/SPI-test.o
 .debug_macro   0x00000000000126ab       0xf8 Core/Src/SPI-test.o
 .debug_macro   0x00000000000127a3       0x27 Core/Src/SPI-test.o
 .debug_macro   0x00000000000127ca      0x287 Core/Src/SPI-test.o
 .debug_macro   0x0000000000012a51       0x5f Core/Src/SPI-test.o
 .debug_macro   0x0000000000012ab0      0x236 Core/Src/SPI-test.o
 .debug_macro   0x0000000000012ce6      0x391 Core/Src/SPI-test.o
 .debug_macro   0x0000000000013077      0x176 Core/Src/SPI-test.o
 .debug_macro   0x00000000000131ed       0xf9 Core/Src/SPI-test.o
 .debug_macro   0x00000000000132e6      0x132 Core/Src/SPI-test.o
 .debug_macro   0x0000000000013418      0x23a Core/Src/SPI-test.o
 .debug_macro   0x0000000000013652       0x2e Core/Src/SPI-test.o
 .debug_macro   0x0000000000013680      0x1b5 Core/Src/SPI-test.o
 .debug_macro   0x0000000000013835       0x22 Core/Src/SPI-test.o
 .debug_macro   0x0000000000013857       0xd6 Core/Src/SPI-test.o
 .debug_macro   0x000000000001392d      0x11a Core/Src/SPI-test.o
 .debug_macro   0x0000000000013a47       0x85 Core/Src/SPI-test.o
 .debug_macro   0x0000000000013acc       0x89 Core/Src/SPI-test.o
 .debug_macro   0x0000000000013b55      0x225 Core/Src/SPI-test.o
 .debug_macro   0x0000000000013d7a      0x8a0 Core/Src/SPI-test.o
 .debug_macro   0x000000000001461a       0x47 Core/Src/SPI-test.o
 .debug_macro   0x0000000000014661      0x287 Core/Src/SPI-test.o
 .debug_macro   0x00000000000148e8      0x126 Core/Src/SPI-test.o
 .debug_macro   0x0000000000014a0e       0x40 Core/Src/SPI-test.o
 .debug_macro   0x0000000000014a4e      0x3fd Core/Src/adc.o
 .debug_macro   0x0000000000014e4b       0x46 Core/Src/adc.o
 .debug_macro   0x0000000000014e91       0x18 Core/Src/adc.o
 .debug_macro   0x0000000000014ea9       0x3c Core/Src/adc.o
 .debug_macro   0x0000000000014ee5       0x34 Core/Src/adc.o
 .debug_macro   0x0000000000014f19       0x16 Core/Src/adc.o
 .debug_macro   0x0000000000014f2f       0x35 Core/Src/adc.o
 .debug_macro   0x0000000000014f64      0x32a Core/Src/adc.o
 .debug_macro   0x000000000001528e       0x10 Core/Src/adc.o
 .debug_macro   0x000000000001529e       0x52 Core/Src/adc.o
 .debug_macro   0x00000000000152f0       0x1f Core/Src/adc.o
 .debug_macro   0x000000000001530f       0x43 Core/Src/adc.o
 .debug_macro   0x0000000000015352       0x20 Core/Src/adc.o
 .debug_macro   0x0000000000015372      0x1a3 Core/Src/adc.o
 .debug_macro   0x0000000000015515       0x10 Core/Src/adc.o
 .debug_macro   0x0000000000015525       0x1c Core/Src/adc.o
 .debug_macro   0x0000000000015541       0x52 Core/Src/adc.o
 .debug_macro   0x0000000000015593       0x40 Core/Src/adc.o
 .debug_macro   0x00000000000155d3       0x10 Core/Src/adc.o
 .debug_macro   0x00000000000155e3       0x40 Core/Src/adc.o
 .debug_macro   0x0000000000015623       0xd7 Core/Src/adc.o
 .debug_macro   0x00000000000156fa       0x1c Core/Src/adc.o
 .debug_macro   0x0000000000015716       0x3d Core/Src/adc.o
 .debug_macro   0x0000000000015753       0x16 Core/Src/adc.o
 .debug_macro   0x0000000000015769      0x145 Core/Src/adc.o
 .debug_macro   0x00000000000158ae       0x16 Core/Src/adc.o
 .debug_macro   0x00000000000158c4       0x16 Core/Src/adc.o
 .debug_macro   0x00000000000158da       0x29 Core/Src/adc.o
 .debug_macro   0x0000000000015903       0x16 Core/Src/adc.o
 .debug_macro   0x0000000000015919       0x20 Core/Src/adc.o
 .debug_macro   0x0000000000015939      0x1e1 Core/Src/adc.o
 .debug_macro   0x0000000000015b1a      0x220 Core/Src/adc.o
 .debug_macro   0x0000000000015d3a      0x174 Core/Src/adc.o
 .debug_macro   0x0000000000015eae      0x3fd Core/Src/gpio.o
 .debug_macro   0x00000000000162ab      0x3fd Core/Src/i2c.o
 .debug_macro   0x00000000000166a8      0x446 Core/Src/main.o
 .debug_macro   0x0000000000016aee      0x1a4 Core/Src/main.o
 .debug_macro   0x0000000000016c92      0x21c Core/Src/nrf24.o
 .debug_macro   0x0000000000016eae      0x3fd Core/Src/spi.o
 .debug_macro   0x00000000000172ab      0x3f3 Core/Src/stm32f4xx_hal_msp.o
 .debug_macro   0x000000000001769e      0x406 Core/Src/stm32f4xx_it.o
 .debug_macro   0x0000000000017aa4      0x1ae Core/Src/sysmem.o
 .debug_macro   0x0000000000017c52      0x23b Core/Src/sysmem.o
 .debug_macro   0x0000000000017e8d      0x210 Core/Src/system_stm32f4xx.o
 .debug_macro   0x000000000001809d      0x3fd Core/Src/tim.o
 .debug_macro   0x000000000001849a      0x3fd Core/Src/usart.o
 .debug_macro   0x0000000000018897      0x26a Drivers/STM32F4xx_HAL_Driver/Src/stm32f4xx_hal.o
 .debug_macro   0x0000000000018b01      0x20b Drivers/STM32F4xx_HAL_Driver/Src/stm32f4xx_hal_adc.o
 .debug_macro   0x0000000000018d0c      0x20a Drivers/STM32F4xx_HAL_Driver/Src/stm32f4xx_hal_cortex.o
 .debug_macro   0x0000000000018f16      0x240 Drivers/STM32F4xx_HAL_Driver/Src/stm32f4xx_hal_gpio.o
 .debug_macro   0x0000000000019156      0x251 Drivers/STM32F4xx_HAL_Driver/Src/stm32f4xx_hal_i2c.o
 .debug_macro   0x00000000000193a7      0x22e Drivers/STM32F4xx_HAL_Driver/Src/stm32f4xx_hal_rcc.o
 .debug_macro   0x00000000000195d5      0x219 Drivers/STM32F4xx_HAL_Driver/Src/stm32f4xx_hal_spi.o
 .debug_macro   0x00000000000197ee      0x20b Drivers/STM32F4xx_HAL_Driver/Src/stm32f4xx_hal_tim.o
 .debug_macro   0x00000000000199f9      0x20a Drivers/STM32F4xx_HAL_Driver/Src/stm32f4xx_hal_tim_ex.o
 .debug_macro   0x0000000000019c03      0x20b Drivers/STM32F4xx_HAL_Driver/Src/stm32f4xx_hal_uart.o

.debug_line     0x0000000000000000    0x1065c
 .debug_line    0x0000000000000000      0x711 Core/Src/SPI-test.o
 .debug_line    0x0000000000000711      0x958 Core/Src/adc.o
 .debug_line    0x0000000000001069      0x934 Core/Src/gpio.o
 .debug_line    0x000000000000199d      0x950 Core/Src/i2c.o
 .debug_line    0x00000000000022ed      0xabf Core/Src/main.o
 .debug_line    0x0000000000002dac      0x9e5 Core/Src/nrf24.o
 .debug_line    0x0000000000003791      0x9bd Core/Src/spi.o
 .debug_line    0x000000000000414e      0x91f Core/Src/stm32f4xx_hal_msp.o
 .debug_line    0x0000000000004a6d      0xb22 Core/Src/stm32f4xx_it.o
 .debug_line    0x000000000000558f      0x504 Core/Src/sysmem.o
 .debug_line    0x0000000000005a93      0x70d Core/Src/system_stm32f4xx.o
 .debug_line    0x00000000000061a0      0x9b9 Core/Src/tim.o
 .debug_line    0x0000000000006b59      0x953 Core/Src/usart.o
 .debug_line    0x00000000000074ac       0x85 Core/Startup/startup_stm32f401ccux.o
 .debug_line    0x0000000000007531      0x8f7 Drivers/STM32F4xx_HAL_Driver/Src/stm32f4xx_hal.o
 .debug_line    0x0000000000007e28      0xb1d Drivers/STM32F4xx_HAL_Driver/Src/stm32f4xx_hal_adc.o
 .debug_line    0x0000000000008945      0xa1b Drivers/STM32F4xx_HAL_Driver/Src/stm32f4xx_hal_cortex.o
 .debug_line    0x0000000000009360      0x89a Drivers/STM32F4xx_HAL_Driver/Src/stm32f4xx_hal_gpio.o
 .debug_line    0x0000000000009bfa     0x1ba5 Drivers/STM32F4xx_HAL_Driver/Src/stm32f4xx_hal_i2c.o
 .debug_line    0x000000000000b79f      0x94f Drivers/STM32F4xx_HAL_Driver/Src/stm32f4xx_hal_rcc.o
 .debug_line    0x000000000000c0ee     0x10b3 Drivers/STM32F4xx_HAL_Driver/Src/stm32f4xx_hal_spi.o
 .debug_line    0x000000000000d1a1     0x17b4 Drivers/STM32F4xx_HAL_Driver/Src/stm32f4xx_hal_tim.o
 .debug_line    0x000000000000e955      0xd02 Drivers/STM32F4xx_HAL_Driver/Src/stm32f4xx_hal_tim_ex.o
 .debug_line    0x000000000000f657     0x1005 Drivers/STM32F4xx_HAL_Driver/Src/stm32f4xx_hal_uart.o

.debug_str      0x0000000000000000    0x97dee
 .debug_str     0x0000000000000000    0x8bca7 Core/Src/SPI-test.o
                                      0x8bf4f (size before relaxing)
 .debug_str     0x000000000008bca7     0x64bb Core/Src/adc.o
                                      0x92015 (size before relaxing)
 .debug_str     0x0000000000092162       0x46 Core/Src/gpio.o
                                      0x91fa9 (size before relaxing)
 .debug_str     0x00000000000921a8      0x2bf Core/Src/i2c.o
                                      0x92267 (size before relaxing)
 .debug_str     0x0000000000092467     0x1005 Core/Src/main.o
                                      0x9327e (size before relaxing)
 .debug_str     0x000000000009346c      0x37c Core/Src/nrf24.o
                                      0x8ce45 (size before relaxing)
 .debug_str     0x00000000000937e8       0x65 Core/Src/spi.o
                                      0x921e5 (size before relaxing)
 .debug_str     0x000000000009384d       0x2c Core/Src/stm32f4xx_hal_msp.o
                                      0x91f13 (size before relaxing)
 .debug_str     0x0000000000093879      0x40c Core/Src/stm32f4xx_it.o
                                      0x92bf3 (size before relaxing)
 .debug_str     0x0000000000093c85      0x4d1 Core/Src/sysmem.o
                                       0x7ae8 (size before relaxing)
 .debug_str     0x0000000000094156       0xc4 Core/Src/system_stm32f4xx.o
                                      0x8bb40 (size before relaxing)
 .debug_str     0x000000000009421a      0x58e Core/Src/tim.o
                                      0x92545 (size before relaxing)
 .debug_str     0x00000000000947a8       0x57 Core/Src/usart.o
                                      0x921a2 (size before relaxing)
 .debug_str     0x00000000000947ff       0x36 Core/Startup/startup_stm32f401ccux.o
                                         0x6a (size before relaxing)
 .debug_str     0x0000000000094835      0x588 Drivers/STM32F4xx_HAL_Driver/Src/stm32f4xx_hal.o
                                      0x8c4ab (size before relaxing)
 .debug_str     0x0000000000094dbd      0x2a2 Drivers/STM32F4xx_HAL_Driver/Src/stm32f4xx_hal_adc.o
                                      0x8c0c5 (size before relaxing)
 .debug_str     0x000000000009505f      0x392 Drivers/STM32F4xx_HAL_Driver/Src/stm32f4xx_hal_cortex.o
                                      0x8c288 (size before relaxing)
 .debug_str     0x00000000000953f1      0x1fd Drivers/STM32F4xx_HAL_Driver/Src/stm32f4xx_hal_gpio.o
                                      0x8bd7f (size before relaxing)
 .debug_str     0x00000000000955ee      0xaa3 Drivers/STM32F4xx_HAL_Driver/Src/stm32f4xx_hal_i2c.o
                                      0x8caa0 (size before relaxing)
 .debug_str     0x0000000000096091      0x24e Drivers/STM32F4xx_HAL_Driver/Src/stm32f4xx_hal_rcc.o
                                      0x8bf2d (size before relaxing)
 .debug_str     0x00000000000962df      0x54a Drivers/STM32F4xx_HAL_Driver/Src/stm32f4xx_hal_spi.o
                                      0x8c39c (size before relaxing)
 .debug_str     0x0000000000096829      0xcaa Drivers/STM32F4xx_HAL_Driver/Src/stm32f4xx_hal_tim.o
                                      0x8cc3a (size before relaxing)
 .debug_str     0x00000000000974d3      0x40e Drivers/STM32F4xx_HAL_Driver/Src/stm32f4xx_hal_tim_ex.o
                                      0x8c43a (size before relaxing)
 .debug_str     0x00000000000978e1      0x50d Drivers/STM32F4xx_HAL_Driver/Src/stm32f4xx_hal_uart.o
                                      0x8c37a (size before relaxing)

.comment        0x0000000000000000       0x7b
 .comment       0x0000000000000000       0x7b Core/Src/SPI-test.o
                                         0x7c (size before relaxing)
 .comment       0x000000000000007b       0x7c Core/Src/adc.o
 .comment       0x000000000000007b       0x7c Core/Src/gpio.o
 .comment       0x000000000000007b       0x7c Core/Src/i2c.o
 .comment       0x000000000000007b       0x7c Core/Src/main.o
 .comment       0x000000000000007b       0x7c Core/Src/nrf24.o
 .comment       0x000000000000007b       0x7c Core/Src/spi.o
 .comment       0x000000000000007b       0x7c Core/Src/stm32f4xx_hal_msp.o
 .comment       0x000000000000007b       0x7c Core/Src/stm32f4xx_it.o
 .comment       0x000000000000007b       0x7c Core/Src/sysmem.o
 .comment       0x000000000000007b       0x7c Core/Src/system_stm32f4xx.o
 .comment       0x000000000000007b       0x7c Core/Src/tim.o
 .comment       0x000000000000007b       0x7c Core/Src/usart.o
 .comment       0x000000000000007b       0x7c Drivers/STM32F4xx_HAL_Driver/Src/stm32f4xx_hal.o
 .comment       0x000000000000007b       0x7c Drivers/STM32F4xx_HAL_Driver/Src/stm32f4xx_hal_adc.o
 .comment       0x000000000000007b       0x7c Drivers/STM32F4xx_HAL_Driver/Src/stm32f4xx_hal_cortex.o
 .comment       0x000000000000007b       0x7c Drivers/STM32F4xx_HAL_Driver/Src/stm32f4xx_hal_gpio.o
 .comment       0x000000000000007b       0x7c Drivers/STM32F4xx_HAL_Driver/Src/stm32f4xx_hal_i2c.o
 .comment       0x000000000000007b       0x7c Drivers/STM32F4xx_HAL_Driver/Src/stm32f4xx_hal_rcc.o
 .comment       0x000000000000007b       0x7c Drivers/STM32F4xx_HAL_Driver/Src/stm32f4xx_hal_spi.o
 .comment       0x000000000000007b       0x7c Drivers/STM32F4xx_HAL_Driver/Src/stm32f4xx_hal_tim.o
 .comment       0x000000000000007b       0x7c Drivers/STM32F4xx_HAL_Driver/Src/stm32f4xx_hal_tim_ex.o
 .comment       0x000000000000007b       0x7c Drivers/STM32F4xx_HAL_Driver/Src/stm32f4xx_hal_uart.o

.debug_frame    0x0000000000000000     0x5248
 .debug_frame   0x0000000000000000       0x88 Core/Src/SPI-test.o
 .debug_frame   0x0000000000000088       0x7c Core/Src/adc.o
 .debug_frame   0x0000000000000104       0x34 Core/Src/gpio.o
 .debug_frame   0x0000000000000138       0x74 Core/Src/i2c.o
 .debug_frame   0x00000000000001ac      0x160 Core/Src/main.o
 .debug_frame   0x000000000000030c      0x470 Core/Src/nrf24.o
 .debug_frame   0x000000000000077c       0xac Core/Src/spi.o
 .debug_frame   0x0000000000000828       0x38 Core/Src/stm32f4xx_hal_msp.o
 .debug_frame   0x0000000000000860      0x184 Core/Src/stm32f4xx_it.o
 .debug_frame   0x00000000000009e4       0x34 Core/Src/sysmem.o
 .debug_frame   0x0000000000000a18       0x58 Core/Src/system_stm32f4xx.o
 .debug_frame   0x0000000000000a70       0xc4 Core/Src/tim.o
 .debug_frame   0x0000000000000b34       0x74 Core/Src/usart.o
 .debug_frame   0x0000000000000ba8      0x374 Drivers/STM32F4xx_HAL_Driver/Src/stm32f4xx_hal.o
 .debug_frame   0x0000000000000f1c      0x3fc Drivers/STM32F4xx_HAL_Driver/Src/stm32f4xx_hal_adc.o
 .debug_frame   0x0000000000001318      0x498 Drivers/STM32F4xx_HAL_Driver/Src/stm32f4xx_hal_cortex.o
 .debug_frame   0x00000000000017b0      0x14c Drivers/STM32F4xx_HAL_Driver/Src/stm32f4xx_hal_gpio.o
 .debug_frame   0x00000000000018fc      0xc5c Drivers/STM32F4xx_HAL_Driver/Src/stm32f4xx_hal_i2c.o
 .debug_frame   0x0000000000002558      0x1f0 Drivers/STM32F4xx_HAL_Driver/Src/stm32f4xx_hal_rcc.o
 .debug_frame   0x0000000000002748      0x824 Drivers/STM32F4xx_HAL_Driver/Src/stm32f4xx_hal_spi.o
 .debug_frame   0x0000000000002f6c     0x10e8 Drivers/STM32F4xx_HAL_Driver/Src/stm32f4xx_hal_tim.o
 .debug_frame   0x0000000000004054      0x5c0 Drivers/STM32F4xx_HAL_Driver/Src/stm32f4xx_hal_tim_ex.o
 .debug_frame   0x0000000000004614      0x844 Drivers/STM32F4xx_HAL_Driver/Src/stm32f4xx_hal_uart.o
 .debug_frame   0x0000000000004e58       0x20 /opt/stm32cubeide/plugins/com.st.stm32cube.ide.mcu.externaltools.gnu-tools-for-stm32.7-2018-q2-update.linux64_1.0.0.201904181610/tools/bin/../lib/gcc/arm-none-eabi/7.3.1/../../../../arm-none-eabi/lib/thumb/v7e-m/fpv4-sp/hard/libc_nano.a(lib_a-errno.o)
 .debug_frame   0x0000000000004e78       0x2c /opt/stm32cubeide/plugins/com.st.stm32cube.ide.mcu.externaltools.gnu-tools-for-stm32.7-2018-q2-update.linux64_1.0.0.201904181610/tools/bin/../lib/gcc/arm-none-eabi/7.3.1/../../../../arm-none-eabi/lib/thumb/v7e-m/fpv4-sp/hard/libc_nano.a(lib_a-init.o)
 .debug_frame   0x0000000000004ea4       0x28 /opt/stm32cubeide/plugins/com.st.stm32cube.ide.mcu.externaltools.gnu-tools-for-stm32.7-2018-q2-update.linux64_1.0.0.201904181610/tools/bin/../lib/gcc/arm-none-eabi/7.3.1/../../../../arm-none-eabi/lib/thumb/v7e-m/fpv4-sp/hard/libc_nano.a(lib_a-memcpy-stub.o)
 .debug_frame   0x0000000000004ecc       0x20 /opt/stm32cubeide/plugins/com.st.stm32cube.ide.mcu.externaltools.gnu-tools-for-stm32.7-2018-q2-update.linux64_1.0.0.201904181610/tools/bin/../lib/gcc/arm-none-eabi/7.3.1/../../../../arm-none-eabi/lib/thumb/v7e-m/fpv4-sp/hard/libc_nano.a(lib_a-memset.o)
 .debug_frame   0x0000000000004eec       0x38 /opt/stm32cubeide/plugins/com.st.stm32cube.ide.mcu.externaltools.gnu-tools-for-stm32.7-2018-q2-update.linux64_1.0.0.201904181610/tools/bin/../lib/gcc/arm-none-eabi/7.3.1/../../../../arm-none-eabi/lib/thumb/v7e-m/fpv4-sp/hard/libc_nano.a(lib_a-nano-freer.o)
 .debug_frame   0x0000000000004f24       0x2c /opt/stm32cubeide/plugins/com.st.stm32cube.ide.mcu.externaltools.gnu-tools-for-stm32.7-2018-q2-update.linux64_1.0.0.201904181610/tools/bin/../lib/gcc/arm-none-eabi/7.3.1/../../../../arm-none-eabi/lib/thumb/v7e-m/fpv4-sp/hard/libc_nano.a(lib_a-nano-mallocr.o)
 .debug_frame   0x0000000000004f50       0x2c /opt/stm32cubeide/plugins/com.st.stm32cube.ide.mcu.externaltools.gnu-tools-for-stm32.7-2018-q2-update.linux64_1.0.0.201904181610/tools/bin/../lib/gcc/arm-none-eabi/7.3.1/../../../../arm-none-eabi/lib/thumb/v7e-m/fpv4-sp/hard/libc_nano.a(lib_a-sbrkr.o)
 .debug_frame   0x0000000000004f7c       0x6c /opt/stm32cubeide/plugins/com.st.stm32cube.ide.mcu.externaltools.gnu-tools-for-stm32.7-2018-q2-update.linux64_1.0.0.201904181610/tools/bin/../lib/gcc/arm-none-eabi/7.3.1/../../../../arm-none-eabi/lib/thumb/v7e-m/fpv4-sp/hard/libc_nano.a(lib_a-sprintf.o)
 .debug_frame   0x0000000000004fe8       0x30 /opt/stm32cubeide/plugins/com.st.stm32cube.ide.mcu.externaltools.gnu-tools-for-stm32.7-2018-q2-update.linux64_1.0.0.201904181610/tools/bin/../lib/gcc/arm-none-eabi/7.3.1/../../../../arm-none-eabi/lib/thumb/v7e-m/fpv4-sp/hard/libc_nano.a(lib_a-mlock.o)
 .debug_frame   0x0000000000005018       0x90 /opt/stm32cubeide/plugins/com.st.stm32cube.ide.mcu.externaltools.gnu-tools-for-stm32.7-2018-q2-update.linux64_1.0.0.201904181610/tools/bin/../lib/gcc/arm-none-eabi/7.3.1/../../../../arm-none-eabi/lib/thumb/v7e-m/fpv4-sp/hard/libc_nano.a(lib_a-nano-svfprintf.o)