MPU9250.c:89:13:MPU9250_OnActivate	4	static
MPU9250.c:93:20:MPU9250_Activate	8	static
MPU9250.c:99:20:MPU9250_Deactivate	8	static
MPU9250.c:104:9:SPIx_WriteRead	32	static
MPU9250.c:117:6:MPU_SPI_Write	16	static
MPU9250.c:130:6:MPU_SPI_Read	24	static
MPU9250.c:140:6:writeRegister	16	static
MPU9250.c:147:6:readRegisters	16	static
MPU9250.c:152:6:writeAK8963Register	16	static
MPU9250.c:168:6:readAK8963Registers	16	static
MPU9250.c:187:16:whoAmI	8	static
MPU9250.c:196:12:whoAmIAK8963	8	static
MPU9250.c:204:9:MPU9250_Init	16	static
MPU9250.c:299:6:MPU9250_SetAccelRange	16	static
MPU9250.c:305:6:MPU9250_SetGyroRange	16	static
MPU9250.c:311:6:MPU9250_SetDLPFBandwidth	16	static
MPU9250.c:318:6:MPU9250_SetSampleRateDivider	16	static
MPU9250.c:361:6:MPU9250_GetData	24	static
