MPU9250.c:93:13:MPU9250_OnActivate	4	static
MPU9250.c:97:20:MPU9250_Activate	8	static
MPU9250.c:103:20:MPU9250_Deactivate	8	static
MPU9250.c:108:9:SPIx_WriteRead	32	static
MPU9250.c:121:6:MPU_SPI_Write	16	static
MPU9250.c:134:6:MPU_SPI_Read	24	static
MPU9250.c:144:6:writeRegister	16	static
MPU9250.c:151:6:readRegisters	16	static
MPU9250.c:156:6:writeAK8963Register	16	static
MPU9250.c:172:6:readAK8963Registers	16	static
MPU9250.c:191:16:whoAmI	8	static
MPU9250.c:200:12:whoAmIAK8963	8	static
MPU9250.c:208:9:MPU9250_Init	16	static
MPU9250.c:303:6:MPU9250_SetAccelRange	16	static
MPU9250.c:309:6:MPU9250_SetGyroRange	16	static
MPU9250.c:315:6:MPU9250_SetDLPFBandwidth	16	static
MPU9250.c:322:6:MPU9250_SetSampleRateDivider	16	static
MPU9250.c:365:6:MPU9250_GetData	24	static
MPU9250.c:388:6:MPU9250_GetGyroData	16	static
MPU9250.c:400:6:MPU9250_GetAccelData	16	static
