nrf24.c:12:16:nRF24_TransmitPacket	24	static
nrf24.c:66:9:nRF24_LL_RW	16	static
nrf24.c:85:16:nRF24_ReadReg	24	static
nrf24.c:100:13:nRF24_WriteReg	16	static
nrf24.c:123:13:nRF24_ReadMBReg	24	static
nrf24.c:137:13:nRF24_WriteMBReg	16	static
nrf24.c:149:6:nRF24_Init	8	static
nrf24.c:183:9:nRF24_Check	24	static
nrf24.c:203:6:nRF24_SetPowerMode	24	static
nrf24.c:222:6:nRF24_SetOperationalMode	24	static
nrf24.c:237:6:nRF24_SetCRCScheme	24	static
nrf24.c:252:6:nRF24_SetRFChannel	16	static
nrf24.c:261:6:nRF24_SetAutoRetr	16	static
nrf24.c:270:6:nRF24_SetAddrWidth	16	static
nrf24.c:284:6:nRF24_SetAddr	24	static
nrf24.c:319:6:nRF24_SetTXPower	24	static
nrf24.c:332:6:nRF24_SetDataRate	24	static
nrf24.c:347:6:nRF24_SetRXPipe	24	static
nrf24.c:370:6:nRF24_ClosePipe	24	static
nrf24.c:382:6:nRF24_EnableAA	24	static
nrf24.c:394:6:nRF24_DisableAA	24	static
nrf24.c:410:9:nRF24_GetStatus	8	static
nrf24.c:416:9:nRF24_GetIRQFlags	8	static
nrf24.c:422:9:nRF24_GetStatus_RXFIFO	8	static
nrf24.c:429:9:nRF24_GetStatus_TXFIFO	8	static
nrf24.c:435:9:nRF24_GetRXSource	8	static
nrf24.c:443:9:nRF24_GetRetransmitCounters	8	static
nrf24.c:448:6:nRF24_ResetPLOS	16	static
nrf24.c:457:6:nRF24_FlushTX	8	static
nrf24.c:462:6:nRF24_FlushRX	8	static
nrf24.c:467:6:nRF24_ClearIRQFlags	16	static
nrf24.c:480:6:nRF24_WritePayload	16	static
nrf24.c:491:16:nRF24_ReadPayload	24	static
